Archive member included because of file (symbol)

/Applications/CrossWorks for ARM 2.2/lib/libc_v7m_t_le_eabi.a(__vfprintf_int.o)
                              (__vfprintf_int)
/Applications/CrossWorks for ARM 2.2/lib/libc_v7m_t_le_eabi.a(__vfscanf_int.o)
                              (__vfscanf_int)
/Applications/CrossWorks for ARM 2.2/lib/libc_v7m_t_le_eabi.a(libc2.o)
                              /Applications/CrossWorks for ARM 2.2/lib/libc_v7m_t_le_eabi.a(__vfscanf_int.o) (__getc)
/Applications/CrossWorks for ARM 2.2/lib/libc_v7m_t_le_eabi.a(libc2_asm.o)
                              /Applications/CrossWorks for ARM 2.2/lib/libc_v7m_t_le_eabi.a(libc2.o) (memcpy)
/Applications/CrossWorks for ARM 2.2/lib/libc_v7m_t_le_eabi.a(libc_asm.o)
                              /Applications/CrossWorks for ARM 2.2/lib/libc_v7m_t_le_eabi.a(libc2.o) (__aeabi_uldivmod)
/Applications/CrossWorks for ARM 2.2/lib/libdebugio_v7m_t_le_eabi.a(libdebugio.o)
                              (__do_debug_operation_mempoll)
/Applications/CrossWorks for ARM 2.2/lib/libdebugio_v7m_t_le_eabi.a(libdebugio_asm.o)
                              THUMB Debug/sd.o (debug_printf)
/Applications/CrossWorks for ARM 2.2/lib/libc_user_libc_v7m_t_le_eabi.a(user_libc.o)
                              /Applications/CrossWorks for ARM 2.2/lib/libc_v7m_t_le_eabi.a(libc2.o) (__errno)
/Applications/CrossWorks for ARM 2.2/lib/libm_v7m_t_le_eabi.a(libm_asm.o)
                              /Applications/CrossWorks for ARM 2.2/lib/libc_v7m_t_le_eabi.a(libc2.o) (__aeabi_i2f)

Discarded input sections

 .text          0x00000000        0x0 THUMB Debug/main.o
 .data          0x00000000        0x0 THUMB Debug/main.o
 .bss           0x00000000        0x0 THUMB Debug/main.o
 .text          0x00000000        0x0 THUMB Debug/sd.o
 .data          0x00000000        0x0 THUMB Debug/sd.o
 .bss           0x00000000        0x0 THUMB Debug/sd.o
 .text          0x00000000        0x0 THUMB Debug/thumb_crt0.o
 .data          0x00000000        0x0 THUMB Debug/thumb_crt0.o
 .bss           0x00000000        0x0 THUMB Debug/thumb_crt0.o
 .stack         0x00000000        0x0 THUMB Debug/thumb_crt0.o
 .stack_process
                0x00000000        0x0 THUMB Debug/thumb_crt0.o
 .heap          0x00000000        0x0 THUMB Debug/thumb_crt0.o
 .text          0x00000000        0x0 THUMB Debug/STM32_Startup.o
 .data          0x00000000        0x0 THUMB Debug/STM32_Startup.o
 .bss           0x00000000        0x0 THUMB Debug/STM32_Startup.o
 .text          0x00000000        0x0 /Applications/CrossWorks for ARM 2.2/lib/libc_v7m_t_le_eabi.a(__vfprintf_int.o)
 .data          0x00000000        0x0 /Applications/CrossWorks for ARM 2.2/lib/libc_v7m_t_le_eabi.a(__vfprintf_int.o)
 .bss           0x00000000        0x0 /Applications/CrossWorks for ARM 2.2/lib/libc_v7m_t_le_eabi.a(__vfprintf_int.o)
 .text.libc     0x00000000        0x0 /Applications/CrossWorks for ARM 2.2/lib/libc_v7m_t_le_eabi.a(__vfprintf_int.o)
 .text          0x00000000        0x0 /Applications/CrossWorks for ARM 2.2/lib/libc_v7m_t_le_eabi.a(__vfscanf_int.o)
 .data          0x00000000        0x0 /Applications/CrossWorks for ARM 2.2/lib/libc_v7m_t_le_eabi.a(__vfscanf_int.o)
 .bss           0x00000000        0x0 /Applications/CrossWorks for ARM 2.2/lib/libc_v7m_t_le_eabi.a(__vfscanf_int.o)
 .text.libc     0x00000000        0x0 /Applications/CrossWorks for ARM 2.2/lib/libc_v7m_t_le_eabi.a(__vfscanf_int.o)
 .text          0x00000000        0x0 /Applications/CrossWorks for ARM 2.2/lib/libc_v7m_t_le_eabi.a(libc2.o)
 .data          0x00000000        0x0 /Applications/CrossWorks for ARM 2.2/lib/libc_v7m_t_le_eabi.a(libc2.o)
 .bss           0x00000000        0x0 /Applications/CrossWorks for ARM 2.2/lib/libc_v7m_t_le_eabi.a(libc2.o)
 .text.libc     0x00000000        0x0 /Applications/CrossWorks for ARM 2.2/lib/libc_v7m_t_le_eabi.a(libc2.o)
 .text.libc.twodigit
                0x00000000       0x28 /Applications/CrossWorks for ARM 2.2/lib/libc_v7m_t_le_eabi.a(libc2.o)
 .text.libc.month_name
                0x00000000       0x14 /Applications/CrossWorks for ARM 2.2/lib/libc_v7m_t_le_eabi.a(libc2.o)
 .text.libc.checked_day_name
                0x00000000       0x14 /Applications/CrossWorks for ARM 2.2/lib/libc_v7m_t_le_eabi.a(libc2.o)
 .text.libc.put_ch
                0x00000000       0x24 /Applications/CrossWorks for ARM 2.2/lib/libc_v7m_t_le_eabi.a(libc2.o)
 .text.libc.put_str
                0x00000000       0x1c /Applications/CrossWorks for ARM 2.2/lib/libc_v7m_t_le_eabi.a(libc2.o)
 .text.libc.put_nstr
                0x00000000       0x24 /Applications/CrossWorks for ARM 2.2/lib/libc_v7m_t_le_eabi.a(libc2.o)
 .text.libc.put_digit
                0x00000000       0x24 /Applications/CrossWorks for ARM 2.2/lib/libc_v7m_t_le_eabi.a(libc2.o)
 .text.libc.put_twodigit
                0x00000000       0x34 /Applications/CrossWorks for ARM 2.2/lib/libc_v7m_t_le_eabi.a(libc2.o)
 .text.libc.put_twodigits_leading_blank
                0x00000000       0x24 /Applications/CrossWorks for ARM 2.2/lib/libc_v7m_t_le_eabi.a(libc2.o)
 .text.libc.put_twodigit2
                0x00000000       0x1c /Applications/CrossWorks for ARM 2.2/lib/libc_v7m_t_le_eabi.a(libc2.o)
 .text.libc.put_formatted
                0x00000000      0x3ec /Applications/CrossWorks for ARM 2.2/lib/libc_v7m_t_le_eabi.a(libc2.o)
 .text.libc.__pow10
                0x00000000       0x74 /Applications/CrossWorks for ARM 2.2/lib/libc_v7m_t_le_eabi.a(libc2.o)
 .text.libc.__stdin_ungetc
                0x00000000        0xc /Applications/CrossWorks for ARM 2.2/lib/libc_v7m_t_le_eabi.a(libc2.o)
 .text.libc.__xlltoa
                0x00000000       0x80 /Applications/CrossWorks for ARM 2.2/lib/libc_v7m_t_le_eabi.a(libc2.o)
 .text.libc.__xltoa
                0x00000000       0x58 /Applications/CrossWorks for ARM 2.2/lib/libc_v7m_t_le_eabi.a(libc2.o)
 .text.libc.__xtoa
                0x00000000       0x58 /Applications/CrossWorks for ARM 2.2/lib/libc_v7m_t_le_eabi.a(libc2.o)
 .text.libc.abs
                0x00000000        0x8 /Applications/CrossWorks for ARM 2.2/lib/libc_v7m_t_le_eabi.a(libc2.o)
 .text.libc.asctime_r
                0x00000000       0xfc /Applications/CrossWorks for ARM 2.2/lib/libc_v7m_t_le_eabi.a(libc2.o)
 .text.libc.asctime
                0x00000000       0x10 /Applications/CrossWorks for ARM 2.2/lib/libc_v7m_t_le_eabi.a(libc2.o)
 .text.libc.atexit
                0x00000000       0x34 /Applications/CrossWorks for ARM 2.2/lib/libc_v7m_t_le_eabi.a(libc2.o)
 .text.libc._execute_at_exit_fns
                0x00000000       0x38 /Applications/CrossWorks for ARM 2.2/lib/libc_v7m_t_le_eabi.a(libc2.o)
 .text.libc.bsearch
                0x00000000       0x64 /Applications/CrossWorks for ARM 2.2/lib/libc_v7m_t_le_eabi.a(libc2.o)
 .text.libc.ctl_is_exact_power_of_two
                0x00000000       0x10 /Applications/CrossWorks for ARM 2.2/lib/libc_v7m_t_le_eabi.a(libc2.o)
 .text.libc.ctl_round_power_of_two
                0x00000000       0x20 /Applications/CrossWorks for ARM 2.2/lib/libc_v7m_t_le_eabi.a(libc2.o)
 .text.libc.ctl_count_leading_zeroes
                0x00000000       0x40 /Applications/CrossWorks for ARM 2.2/lib/libc_v7m_t_le_eabi.a(libc2.o)
 .text.libc.ctl_ilogb
                0x00000000       0x20 /Applications/CrossWorks for ARM 2.2/lib/libc_v7m_t_le_eabi.a(libc2.o)
 .text.libc.buddy_alloc
                0x00000000      0x108 /Applications/CrossWorks for ARM 2.2/lib/libc_v7m_t_le_eabi.a(libc2.o)
 .text.libc.buddy_free
                0x00000000       0xf0 /Applications/CrossWorks for ARM 2.2/lib/libc_v7m_t_le_eabi.a(libc2.o)
 .text.libc.buddy_heap_init
                0x00000000       0xbc /Applications/CrossWorks for ARM 2.2/lib/libc_v7m_t_le_eabi.a(libc2.o)
 .text.libc.isalpha
                0x00000000       0x1c /Applications/CrossWorks for ARM 2.2/lib/libc_v7m_t_le_eabi.a(libc2.o)
 .text.libc.isxdigit
                0x00000000       0x2c /Applications/CrossWorks for ARM 2.2/lib/libc_v7m_t_le_eabi.a(libc2.o)
 .text.libc.__strtoull
                0x00000000      0x13c /Applications/CrossWorks for ARM 2.2/lib/libc_v7m_t_le_eabi.a(libc2.o)
 .text.libc.__strtoul
                0x00000000       0xec /Applications/CrossWorks for ARM 2.2/lib/libc_v7m_t_le_eabi.a(libc2.o)
 .text.libc.ispunct
                0x00000000       0x38 /Applications/CrossWorks for ARM 2.2/lib/libc_v7m_t_le_eabi.a(libc2.o)
 .text.libc.isalnum
                0x00000000       0x2c /Applications/CrossWorks for ARM 2.2/lib/libc_v7m_t_le_eabi.a(libc2.o)
 .text.libc.isprint
                0x00000000       0x14 /Applications/CrossWorks for ARM 2.2/lib/libc_v7m_t_le_eabi.a(libc2.o)
 .text.libc.isgraph
                0x00000000       0x14 /Applications/CrossWorks for ARM 2.2/lib/libc_v7m_t_le_eabi.a(libc2.o)
 .text.libc.iscntrl
                0x00000000       0x14 /Applications/CrossWorks for ARM 2.2/lib/libc_v7m_t_le_eabi.a(libc2.o)
 .text.libc.tolower
                0x00000000       0x10 /Applications/CrossWorks for ARM 2.2/lib/libc_v7m_t_le_eabi.a(libc2.o)
 .text.libc.toupper
                0x00000000       0x10 /Applications/CrossWorks for ARM 2.2/lib/libc_v7m_t_le_eabi.a(libc2.o)
 .text.libc.isblank
                0x00000000       0x14 /Applications/CrossWorks for ARM 2.2/lib/libc_v7m_t_le_eabi.a(libc2.o)
 .text.libc.div
                0x00000000       0x20 /Applications/CrossWorks for ARM 2.2/lib/libc_v7m_t_le_eabi.a(libc2.o)
 .text.libc.itoa
                0x00000000       0x20 /Applications/CrossWorks for ARM 2.2/lib/libc_v7m_t_le_eabi.a(libc2.o)
 .text.libc.labs
                0x00000000        0x8 /Applications/CrossWorks for ARM 2.2/lib/libc_v7m_t_le_eabi.a(libc2.o)
 .text.libc.ldiv
                0x00000000       0x20 /Applications/CrossWorks for ARM 2.2/lib/libc_v7m_t_le_eabi.a(libc2.o)
 .text.libc.linked_heap_init
                0x00000000       0x64 /Applications/CrossWorks for ARM 2.2/lib/libc_v7m_t_le_eabi.a(libc2.o)
 .text.libc.linked_heap_alloc
                0x00000000       0xb4 /Applications/CrossWorks for ARM 2.2/lib/libc_v7m_t_le_eabi.a(libc2.o)
 .text.libc.linked_heap_free
                0x00000000       0xd4 /Applications/CrossWorks for ARM 2.2/lib/libc_v7m_t_le_eabi.a(libc2.o)
 .text.libc.linked_heap_realloc
                0x00000000       0x28 /Applications/CrossWorks for ARM 2.2/lib/libc_v7m_t_le_eabi.a(libc2.o)
 .text.libc.llabs
                0x00000000       0x18 /Applications/CrossWorks for ARM 2.2/lib/libc_v7m_t_le_eabi.a(libc2.o)
 .text.libc.lldiv
                0x00000000       0x58 /Applications/CrossWorks for ARM 2.2/lib/libc_v7m_t_le_eabi.a(libc2.o)
 .text.libc.lltoa
                0x00000000       0x18 /Applications/CrossWorks for ARM 2.2/lib/libc_v7m_t_le_eabi.a(libc2.o)
 .text.libc.localeconv
                0x00000000        0xc /Applications/CrossWorks for ARM 2.2/lib/libc_v7m_t_le_eabi.a(libc2.o)
 .text.libc.setlocale
                0x00000000       0x2c /Applications/CrossWorks for ARM 2.2/lib/libc_v7m_t_le_eabi.a(libc2.o)
 .text.libc.ltoa
                0x00000000       0x10 /Applications/CrossWorks for ARM 2.2/lib/libc_v7m_t_le_eabi.a(libc2.o)
 .text.libc.malloc
                0x00000000       0x90 /Applications/CrossWorks for ARM 2.2/lib/libc_v7m_t_le_eabi.a(libc2.o)
 .text.libc.calloc
                0x00000000       0x20 /Applications/CrossWorks for ARM 2.2/lib/libc_v7m_t_le_eabi.a(libc2.o)
 .text.libc.free
                0x00000000       0xa8 /Applications/CrossWorks for ARM 2.2/lib/libc_v7m_t_le_eabi.a(libc2.o)
 .text.libc.realloc
                0x00000000       0x24 /Applications/CrossWorks for ARM 2.2/lib/libc_v7m_t_le_eabi.a(libc2.o)
 .text.libc.memccpy
                0x00000000       0x3c /Applications/CrossWorks for ARM 2.2/lib/libc_v7m_t_le_eabi.a(libc2.o)
 .text.libc.mempcpy
                0x00000000       0x10 /Applications/CrossWorks for ARM 2.2/lib/libc_v7m_t_le_eabi.a(libc2.o)
 .text.libc.memchr
                0x00000000       0x34 /Applications/CrossWorks for ARM 2.2/lib/libc_v7m_t_le_eabi.a(libc2.o)
 .text.libc.memcmp
                0x00000000       0x54 /Applications/CrossWorks for ARM 2.2/lib/libc_v7m_t_le_eabi.a(libc2.o)
 .text.libc.memmove
                0x00000000       0x34 /Applications/CrossWorks for ARM 2.2/lib/libc_v7m_t_le_eabi.a(libc2.o)
 .text.libc.qsort
                0x00000000      0x260 /Applications/CrossWorks for ARM 2.2/lib/libc_v7m_t_le_eabi.a(libc2.o)
 .text.libc.rand
                0x00000000       0x28 /Applications/CrossWorks for ARM 2.2/lib/libc_v7m_t_le_eabi.a(libc2.o)
 .text.libc.snprintf
                0x00000000       0x2c /Applications/CrossWorks for ARM 2.2/lib/libc_v7m_t_le_eabi.a(libc2.o)
 .text.libc.sprintf
                0x00000000       0x2c /Applications/CrossWorks for ARM 2.2/lib/libc_v7m_t_le_eabi.a(libc2.o)
 .text.libc.srand
                0x00000000        0xc /Applications/CrossWorks for ARM 2.2/lib/libc_v7m_t_le_eabi.a(libc2.o)
 .text.libc.sscanf
                0x00000000       0x28 /Applications/CrossWorks for ARM 2.2/lib/libc_v7m_t_le_eabi.a(libc2.o)
 .text.libc.strcasecmp
                0x00000000       0x24 /Applications/CrossWorks for ARM 2.2/lib/libc_v7m_t_le_eabi.a(libc2.o)
 .text.libc.strcasestr
                0x00000000       0x64 /Applications/CrossWorks for ARM 2.2/lib/libc_v7m_t_le_eabi.a(libc2.o)
 .text.libc.strcat
                0x00000000       0x2c /Applications/CrossWorks for ARM 2.2/lib/libc_v7m_t_le_eabi.a(libc2.o)
 .text.libc.strchr
                0x00000000       0x2c /Applications/CrossWorks for ARM 2.2/lib/libc_v7m_t_le_eabi.a(libc2.o)
 .text.libc.strcspn
                0x00000000       0x2c /Applications/CrossWorks for ARM 2.2/lib/libc_v7m_t_le_eabi.a(libc2.o)
 .text.libc.strdup
                0x00000000       0x20 /Applications/CrossWorks for ARM 2.2/lib/libc_v7m_t_le_eabi.a(libc2.o)
 .text.libc.strftime
                0x00000000       0x34 /Applications/CrossWorks for ARM 2.2/lib/libc_v7m_t_le_eabi.a(libc2.o)
 .text.libc.strncasecmp
                0x00000000       0x5c /Applications/CrossWorks for ARM 2.2/lib/libc_v7m_t_le_eabi.a(libc2.o)
 .text.libc.strncasestr
                0x00000000       0x58 /Applications/CrossWorks for ARM 2.2/lib/libc_v7m_t_le_eabi.a(libc2.o)
 .text.libc.strncat
                0x00000000       0x38 /Applications/CrossWorks for ARM 2.2/lib/libc_v7m_t_le_eabi.a(libc2.o)
 .text.libc.strlcat
                0x00000000       0x6c /Applications/CrossWorks for ARM 2.2/lib/libc_v7m_t_le_eabi.a(libc2.o)
 .text.libc.strnchr
                0x00000000       0x34 /Applications/CrossWorks for ARM 2.2/lib/libc_v7m_t_le_eabi.a(libc2.o)
 .text.libc.strncmp
                0x00000000       0x60 /Applications/CrossWorks for ARM 2.2/lib/libc_v7m_t_le_eabi.a(libc2.o)
 .text.libc.strncpy
                0x00000000       0x3c /Applications/CrossWorks for ARM 2.2/lib/libc_v7m_t_le_eabi.a(libc2.o)
 .text.libc.strlcpy
                0x00000000       0x44 /Applications/CrossWorks for ARM 2.2/lib/libc_v7m_t_le_eabi.a(libc2.o)
 .text.libc.strnlen
                0x00000000       0x28 /Applications/CrossWorks for ARM 2.2/lib/libc_v7m_t_le_eabi.a(libc2.o)
 .text.libc.strndup
                0x00000000       0x28 /Applications/CrossWorks for ARM 2.2/lib/libc_v7m_t_le_eabi.a(libc2.o)
 .text.libc.strnstr
                0x00000000       0x60 /Applications/CrossWorks for ARM 2.2/lib/libc_v7m_t_le_eabi.a(libc2.o)
 .text.libc.strpbrk
                0x00000000       0x38 /Applications/CrossWorks for ARM 2.2/lib/libc_v7m_t_le_eabi.a(libc2.o)
 .text.libc.strrchr
                0x00000000       0x38 /Applications/CrossWorks for ARM 2.2/lib/libc_v7m_t_le_eabi.a(libc2.o)
 .text.libc.strsep
                0x00000000       0x58 /Applications/CrossWorks for ARM 2.2/lib/libc_v7m_t_le_eabi.a(libc2.o)
 .text.libc.strspn
                0x00000000       0x2c /Applications/CrossWorks for ARM 2.2/lib/libc_v7m_t_le_eabi.a(libc2.o)
 .text.libc.strstr
                0x00000000       0x50 /Applications/CrossWorks for ARM 2.2/lib/libc_v7m_t_le_eabi.a(libc2.o)
 .text.libc.strtod
                0x00000000      0x1bc /Applications/CrossWorks for ARM 2.2/lib/libc_v7m_t_le_eabi.a(libc2.o)
 .text.libc.strtof
                0x00000000      0x19c /Applications/CrossWorks for ARM 2.2/lib/libc_v7m_t_le_eabi.a(libc2.o)
 .text.libc.strtok
                0x00000000       0x98 /Applications/CrossWorks for ARM 2.2/lib/libc_v7m_t_le_eabi.a(libc2.o)
 .text.libc.strtok_r
                0x00000000       0x84 /Applications/CrossWorks for ARM 2.2/lib/libc_v7m_t_le_eabi.a(libc2.o)
 .text.libc.strtol
                0x00000000       0x8c /Applications/CrossWorks for ARM 2.2/lib/libc_v7m_t_le_eabi.a(libc2.o)
 .text.libc.atol
                0x00000000       0x24 /Applications/CrossWorks for ARM 2.2/lib/libc_v7m_t_le_eabi.a(libc2.o)
 .text.libc.atoi
                0x00000000       0x24 /Applications/CrossWorks for ARM 2.2/lib/libc_v7m_t_le_eabi.a(libc2.o)
 .text.libc.atof
                0x00000000      0x14c /Applications/CrossWorks for ARM 2.2/lib/libc_v7m_t_le_eabi.a(libc2.o)
 .text.libc.strtoll
                0x00000000       0xa4 /Applications/CrossWorks for ARM 2.2/lib/libc_v7m_t_le_eabi.a(libc2.o)
 .text.libc.atoll
                0x00000000       0x28 /Applications/CrossWorks for ARM 2.2/lib/libc_v7m_t_le_eabi.a(libc2.o)
 .text.libc.strtoul
                0x00000000       0xa0 /Applications/CrossWorks for ARM 2.2/lib/libc_v7m_t_le_eabi.a(libc2.o)
 .text.libc.strtoull
                0x00000000       0xac /Applications/CrossWorks for ARM 2.2/lib/libc_v7m_t_le_eabi.a(libc2.o)
 .text.libc.localtime_r
                0x00000000      0x190 /Applications/CrossWorks for ARM 2.2/lib/libc_v7m_t_le_eabi.a(libc2.o)
 .text.libc.difftime
                0x00000000        0xc /Applications/CrossWorks for ARM 2.2/lib/libc_v7m_t_le_eabi.a(libc2.o)
 .text.libc.checktm
                0x00000000      0x1ac /Applications/CrossWorks for ARM 2.2/lib/libc_v7m_t_le_eabi.a(libc2.o)
 .text.libc.mktime
                0x00000000      0x1c0 /Applications/CrossWorks for ARM 2.2/lib/libc_v7m_t_le_eabi.a(libc2.o)
 .text.libc.ctime
                0x00000000       0x18 /Applications/CrossWorks for ARM 2.2/lib/libc_v7m_t_le_eabi.a(libc2.o)
 .text.libc.ctime_r
                0x00000000       0x18 /Applications/CrossWorks for ARM 2.2/lib/libc_v7m_t_le_eabi.a(libc2.o)
 .text.libc.gmtime
                0x00000000       0x14 /Applications/CrossWorks for ARM 2.2/lib/libc_v7m_t_le_eabi.a(libc2.o)
 .text.libc.gmtime_r
                0x00000000        0xc /Applications/CrossWorks for ARM 2.2/lib/libc_v7m_t_le_eabi.a(libc2.o)
 .text.libc.localtime
                0x00000000       0x14 /Applications/CrossWorks for ARM 2.2/lib/libc_v7m_t_le_eabi.a(libc2.o)
 .text.libc.gettimeofday
                0x00000000       0x18 /Applications/CrossWorks for ARM 2.2/lib/libc_v7m_t_le_eabi.a(libc2.o)
 .text.libc.settimeofday
                0x00000000       0x18 /Applications/CrossWorks for ARM 2.2/lib/libc_v7m_t_le_eabi.a(libc2.o)
 .text.libc.ulltoa
                0x00000000       0x14 /Applications/CrossWorks for ARM 2.2/lib/libc_v7m_t_le_eabi.a(libc2.o)
 .text.libc.ultoa
                0x00000000        0xc /Applications/CrossWorks for ARM 2.2/lib/libc_v7m_t_le_eabi.a(libc2.o)
 .text.libc.utoa
                0x00000000        0xc /Applications/CrossWorks for ARM 2.2/lib/libc_v7m_t_le_eabi.a(libc2.o)
 .text.libc.vsnprintf
                0x00000000       0x1c /Applications/CrossWorks for ARM 2.2/lib/libc_v7m_t_le_eabi.a(libc2.o)
 .text.libc.vsprintf
                0x00000000       0x1c /Applications/CrossWorks for ARM 2.2/lib/libc_v7m_t_le_eabi.a(libc2.o)
 .text.libc.vsscanf
                0x00000000       0x18 /Applications/CrossWorks for ARM 2.2/lib/libc_v7m_t_le_eabi.a(libc2.o)
 .text.libc.wcscat
                0x00000000       0x2c /Applications/CrossWorks for ARM 2.2/lib/libc_v7m_t_le_eabi.a(libc2.o)
 .text.libc.wcschr
                0x00000000       0x24 /Applications/CrossWorks for ARM 2.2/lib/libc_v7m_t_le_eabi.a(libc2.o)
 .text.libc.wcscmp
                0x00000000       0x24 /Applications/CrossWorks for ARM 2.2/lib/libc_v7m_t_le_eabi.a(libc2.o)
 .text.libc.wcscpy
                0x00000000       0x10 /Applications/CrossWorks for ARM 2.2/lib/libc_v7m_t_le_eabi.a(libc2.o)
 .text.libc.wcscspn
                0x00000000       0x30 /Applications/CrossWorks for ARM 2.2/lib/libc_v7m_t_le_eabi.a(libc2.o)
 .text.libc.wcslen
                0x00000000       0x20 /Applications/CrossWorks for ARM 2.2/lib/libc_v7m_t_le_eabi.a(libc2.o)
 .text.libc.wcsdup
                0x00000000       0x24 /Applications/CrossWorks for ARM 2.2/lib/libc_v7m_t_le_eabi.a(libc2.o)
 .text.libc.wcsncat
                0x00000000       0x3c /Applications/CrossWorks for ARM 2.2/lib/libc_v7m_t_le_eabi.a(libc2.o)
 .text.libc.wcsnchr
                0x00000000       0x2c /Applications/CrossWorks for ARM 2.2/lib/libc_v7m_t_le_eabi.a(libc2.o)
 .text.libc.wcsncmp
                0x00000000       0x44 /Applications/CrossWorks for ARM 2.2/lib/libc_v7m_t_le_eabi.a(libc2.o)
 .text.libc.wcsncpy
                0x00000000       0x3c /Applications/CrossWorks for ARM 2.2/lib/libc_v7m_t_le_eabi.a(libc2.o)
 .text.libc.wcsnlen
                0x00000000       0x2c /Applications/CrossWorks for ARM 2.2/lib/libc_v7m_t_le_eabi.a(libc2.o)
 .text.libc.wcsnstr
                0x00000000       0x60 /Applications/CrossWorks for ARM 2.2/lib/libc_v7m_t_le_eabi.a(libc2.o)
 .text.libc.wcspbrk
                0x00000000       0x38 /Applications/CrossWorks for ARM 2.2/lib/libc_v7m_t_le_eabi.a(libc2.o)
 .text.libc.wcsrchr
                0x00000000       0x34 /Applications/CrossWorks for ARM 2.2/lib/libc_v7m_t_le_eabi.a(libc2.o)
 .text.libc.wcssep
                0x00000000       0x58 /Applications/CrossWorks for ARM 2.2/lib/libc_v7m_t_le_eabi.a(libc2.o)
 .text.libc.wcsspn
                0x00000000       0x30 /Applications/CrossWorks for ARM 2.2/lib/libc_v7m_t_le_eabi.a(libc2.o)
 .text.libc.wcsstr
                0x00000000       0x50 /Applications/CrossWorks for ARM 2.2/lib/libc_v7m_t_le_eabi.a(libc2.o)
 .text.libc.wcstok
                0x00000000       0x98 /Applications/CrossWorks for ARM 2.2/lib/libc_v7m_t_le_eabi.a(libc2.o)
 .text.libc.wcstok_r
                0x00000000       0x84 /Applications/CrossWorks for ARM 2.2/lib/libc_v7m_t_le_eabi.a(libc2.o)
 .text.libc.wmemcpy
                0x00000000       0x18 /Applications/CrossWorks for ARM 2.2/lib/libc_v7m_t_le_eabi.a(libc2.o)
 .text.libc.wmemccpy
                0x00000000       0x34 /Applications/CrossWorks for ARM 2.2/lib/libc_v7m_t_le_eabi.a(libc2.o)
 .text.libc.wmempcpy
                0x00000000       0x10 /Applications/CrossWorks for ARM 2.2/lib/libc_v7m_t_le_eabi.a(libc2.o)
 .text.libc.wmemmove
                0x00000000       0x38 /Applications/CrossWorks for ARM 2.2/lib/libc_v7m_t_le_eabi.a(libc2.o)
 .text.libc.wmemcmp
                0x00000000       0x40 /Applications/CrossWorks for ARM 2.2/lib/libc_v7m_t_le_eabi.a(libc2.o)
 .text.libc.wmemchr
                0x00000000       0x2c /Applications/CrossWorks for ARM 2.2/lib/libc_v7m_t_le_eabi.a(libc2.o)
 .text.libc.wmemset
                0x00000000       0x10 /Applications/CrossWorks for ARM 2.2/lib/libc_v7m_t_le_eabi.a(libc2.o)
 .data.libc.heap
                0x00000000        0x4 /Applications/CrossWorks for ARM 2.2/lib/libc_v7m_t_le_eabi.a(libc2.o)
 .bss.libc._tm  0x00000000       0x24 /Applications/CrossWorks for ARM 2.2/lib/libc_v7m_t_le_eabi.a(libc2.o)
 .bss.libc.__crt_get_time_of_day
                0x00000000        0x4 /Applications/CrossWorks for ARM 2.2/lib/libc_v7m_t_le_eabi.a(libc2.o)
 .rodata.libc.year_lengths
                0x00000000        0x8 /Applications/CrossWorks for ARM 2.2/lib/libc_v7m_t_le_eabi.a(libc2.o)
 .rodata.libc.mon_name
                0x00000000       0x30 /Applications/CrossWorks for ARM 2.2/lib/libc_v7m_t_le_eabi.a(libc2.o)
 .bss.libc.__atexitfns
                0x00000000       0x80 /Applications/CrossWorks for ARM 2.2/lib/libc_v7m_t_le_eabi.a(libc2.o)
 .rodata.libc.invalid
                0x00000000        0xc /Applications/CrossWorks for ARM 2.2/lib/libc_v7m_t_le_eabi.a(libc2.o)
 .rodata.libc.str1.4
                0x00000000      0x138 /Applications/CrossWorks for ARM 2.2/lib/libc_v7m_t_le_eabi.a(libc2.o)
 .data.libc.__rand_next
                0x00000000        0x4 /Applications/CrossWorks for ARM 2.2/lib/libc_v7m_t_le_eabi.a(libc2.o)
 .bss.libc.last.5842
                0x00000000        0x4 /Applications/CrossWorks for ARM 2.2/lib/libc_v7m_t_le_eabi.a(libc2.o)
 .rodata.libc.mon_lengths
                0x00000000       0x60 /Applications/CrossWorks for ARM 2.2/lib/libc_v7m_t_le_eabi.a(libc2.o)
 .rodata.libc.day_name
                0x00000000       0x1c /Applications/CrossWorks for ARM 2.2/lib/libc_v7m_t_le_eabi.a(libc2.o)
 .rodata.libc.month_names
                0x00000000       0x34 /Applications/CrossWorks for ARM 2.2/lib/libc_v7m_t_le_eabi.a(libc2.o)
 .bss.libc.asctime_buf
                0x00000000       0x1c /Applications/CrossWorks for ARM 2.2/lib/libc_v7m_t_le_eabi.a(libc2.o)
 .rodata.libc.power
                0x00000000       0x48 /Applications/CrossWorks for ARM 2.2/lib/libc_v7m_t_le_eabi.a(libc2.o)
 .bss.libc.__crt_set_time_of_day
                0x00000000        0x4 /Applications/CrossWorks for ARM 2.2/lib/libc_v7m_t_le_eabi.a(libc2.o)
 .bss.libc.atexitfn_count
                0x00000000        0x4 /Applications/CrossWorks for ARM 2.2/lib/libc_v7m_t_le_eabi.a(libc2.o)
 .data.libc.__ungot
                0x00000000        0x4 /Applications/CrossWorks for ARM 2.2/lib/libc_v7m_t_le_eabi.a(libc2.o)
 .data.libc._lconv
                0x00000000       0x38 /Applications/CrossWorks for ARM 2.2/lib/libc_v7m_t_le_eabi.a(libc2.o)
 .rodata.libc.__ctype
                0x00000000      0x104 /Applications/CrossWorks for ARM 2.2/lib/libc_v7m_t_le_eabi.a(libc2.o)
 .bss.libc.last.5372
                0x00000000        0x4 /Applications/CrossWorks for ARM 2.2/lib/libc_v7m_t_le_eabi.a(libc2.o)
 .rodata.libc.day_names
                0x00000000       0x20 /Applications/CrossWorks for ARM 2.2/lib/libc_v7m_t_le_eabi.a(libc2.o)
 .text.libc     0x00000000        0x0 /Applications/CrossWorks for ARM 2.2/lib/libc_v7m_t_le_eabi.a(libc2_asm.o)
 .data.libc     0x00000000        0x0 /Applications/CrossWorks for ARM 2.2/lib/libc_v7m_t_le_eabi.a(libc2_asm.o)
 .bss.libc      0x00000000        0x0 /Applications/CrossWorks for ARM 2.2/lib/libc_v7m_t_le_eabi.a(libc2_asm.o)
 .text.libc.longjmp
                0x00000000       0x14 /Applications/CrossWorks for ARM 2.2/lib/libc_v7m_t_le_eabi.a(libc2_asm.o)
 .text.libc.memcpy
                0x00000000       0x3c /Applications/CrossWorks for ARM 2.2/lib/libc_v7m_t_le_eabi.a(libc2_asm.o)
 .text.libc.memcpy_fast
                0x00000000        0x4 /Applications/CrossWorks for ARM 2.2/lib/libc_v7m_t_le_eabi.a(libc2_asm.o)
 .text.libc.memcpy_small
                0x00000000       0x1c /Applications/CrossWorks for ARM 2.2/lib/libc_v7m_t_le_eabi.a(libc2_asm.o)
 .text.libc.memset
                0x00000000       0x60 /Applications/CrossWorks for ARM 2.2/lib/libc_v7m_t_le_eabi.a(libc2_asm.o)
 .text.libc.setjmp
                0x00000000        0xc /Applications/CrossWorks for ARM 2.2/lib/libc_v7m_t_le_eabi.a(libc2_asm.o)
 .text.libc.strcpy
                0x00000000       0x44 /Applications/CrossWorks for ARM 2.2/lib/libc_v7m_t_le_eabi.a(libc2_asm.o)
 .text.libc.strcmp
                0x00000000       0x50 /Applications/CrossWorks for ARM 2.2/lib/libc_v7m_t_le_eabi.a(libc2_asm.o)
 .text.libc     0x00000000       0xa4 /Applications/CrossWorks for ARM 2.2/lib/libc_v7m_t_le_eabi.a(libc_asm.o)
 .data.libc     0x00000000        0x0 /Applications/CrossWorks for ARM 2.2/lib/libc_v7m_t_le_eabi.a(libc_asm.o)
 .bss.libc      0x00000000        0x0 /Applications/CrossWorks for ARM 2.2/lib/libc_v7m_t_le_eabi.a(libc_asm.o)
 .text.libc.__int64_umod
                0x00000000        0xc /Applications/CrossWorks for ARM 2.2/lib/libc_v7m_t_le_eabi.a(libc_asm.o)
 .text.libc.__int64_asr
                0x00000000       0x28 /Applications/CrossWorks for ARM 2.2/lib/libc_v7m_t_le_eabi.a(libc_asm.o)
 .text.libc.__int64_div
                0x00000000       0x44 /Applications/CrossWorks for ARM 2.2/lib/libc_v7m_t_le_eabi.a(libc_asm.o)
 .text.libc.__int64_lsl
                0x00000000       0x28 /Applications/CrossWorks for ARM 2.2/lib/libc_v7m_t_le_eabi.a(libc_asm.o)
 .text.libc.__int64_lsr
                0x00000000       0x28 /Applications/CrossWorks for ARM 2.2/lib/libc_v7m_t_le_eabi.a(libc_asm.o)
 .text.libc.__int64_mod
                0x00000000       0x48 /Applications/CrossWorks for ARM 2.2/lib/libc_v7m_t_le_eabi.a(libc_asm.o)
 .text.libc.__int64_udivmod
                0x00000000       0x60 /Applications/CrossWorks for ARM 2.2/lib/libc_v7m_t_le_eabi.a(libc_asm.o)
 .text.libc.__aeabi_ldivmod
                0x00000000       0x58 /Applications/CrossWorks for ARM 2.2/lib/libc_v7m_t_le_eabi.a(libc_asm.o)
 .text.libc.__int64_cmp
                0x00000000       0x1c /Applications/CrossWorks for ARM 2.2/lib/libc_v7m_t_le_eabi.a(libc_asm.o)
 .text.libc.__int64_ucmp
                0x00000000       0x18 /Applications/CrossWorks for ARM 2.2/lib/libc_v7m_t_le_eabi.a(libc_asm.o)
 .text.libc.muldi3
                0x00000000       0x18 /Applications/CrossWorks for ARM 2.2/lib/libc_v7m_t_le_eabi.a(libc_asm.o)
 .text.libc.__int32_umod
                0x00000000        0xc /Applications/CrossWorks for ARM 2.2/lib/libc_v7m_t_le_eabi.a(libc_asm.o)
 .text.libc.__int32_div
                0x00000000       0x20 /Applications/CrossWorks for ARM 2.2/lib/libc_v7m_t_le_eabi.a(libc_asm.o)
 .text.libc.__int32_mod
                0x00000000       0x20 /Applications/CrossWorks for ARM 2.2/lib/libc_v7m_t_le_eabi.a(libc_asm.o)
 .text.libc.__int32_udivmod
                0x00000000       0x20 /Applications/CrossWorks for ARM 2.2/lib/libc_v7m_t_le_eabi.a(libc_asm.o)
 .text.libc.__aeabi_uidivmod
                0x00000000       0x20 /Applications/CrossWorks for ARM 2.2/lib/libc_v7m_t_le_eabi.a(libc_asm.o)
 .text.libc.__aeabi_idivmod
                0x00000000       0x28 /Applications/CrossWorks for ARM 2.2/lib/libc_v7m_t_le_eabi.a(libc_asm.o)
 .text.libc.ctl_count_leading_zeros_32
                0x00000000       0x40 /Applications/CrossWorks for ARM 2.2/lib/libc_v7m_t_le_eabi.a(libc_asm.o)
 .text.libc.ctl_count_leading_zeros_16
                0x00000000       0x34 /Applications/CrossWorks for ARM 2.2/lib/libc_v7m_t_le_eabi.a(libc_asm.o)
 .text          0x00000000        0x0 /Applications/CrossWorks for ARM 2.2/lib/libdebugio_v7m_t_le_eabi.a(libdebugio.o)
 .data          0x00000000        0x0 /Applications/CrossWorks for ARM 2.2/lib/libdebugio_v7m_t_le_eabi.a(libdebugio.o)
 .bss           0x00000000        0x0 /Applications/CrossWorks for ARM 2.2/lib/libdebugio_v7m_t_le_eabi.a(libdebugio.o)
 .text.libdebugio
                0x00000000        0x0 /Applications/CrossWorks for ARM 2.2/lib/libdebugio_v7m_t_le_eabi.a(libdebugio.o)
 .text.libdebugio.__do_nvdebug_operation
                0x00000000       0x18 /Applications/CrossWorks for ARM 2.2/lib/libdebugio_v7m_t_le_eabi.a(libdebugio.o)
 .text.libdebugio.debug_abort
                0x00000000       0x10 /Applications/CrossWorks for ARM 2.2/lib/libdebugio_v7m_t_le_eabi.a(libdebugio.o)
 .text.libdebugio.debug_fopen
                0x00000000       0x1c /Applications/CrossWorks for ARM 2.2/lib/libdebugio_v7m_t_le_eabi.a(libdebugio.o)
 .text.libdebugio.debug_fgets
                0x00000000       0x28 /Applications/CrossWorks for ARM 2.2/lib/libdebugio_v7m_t_le_eabi.a(libdebugio.o)
 .text.libdebugio.debug_fputc
                0x00000000       0x14 /Applications/CrossWorks for ARM 2.2/lib/libdebugio_v7m_t_le_eabi.a(libdebugio.o)
 .text.libdebugio.debug_fputs
                0x00000000       0x14 /Applications/CrossWorks for ARM 2.2/lib/libdebugio_v7m_t_le_eabi.a(libdebugio.o)
 .text.libdebugio.debug_fread
                0x00000000       0x2c /Applications/CrossWorks for ARM 2.2/lib/libdebugio_v7m_t_le_eabi.a(libdebugio.o)
 .text.libdebugio.debug_fwrite
                0x00000000       0x20 /Applications/CrossWorks for ARM 2.2/lib/libdebugio_v7m_t_le_eabi.a(libdebugio.o)
 .text.libdebugio.debug_fseek
                0x00000000       0x18 /Applications/CrossWorks for ARM 2.2/lib/libdebugio_v7m_t_le_eabi.a(libdebugio.o)
 .text.libdebugio.debug_ftell
                0x00000000       0x20 /Applications/CrossWorks for ARM 2.2/lib/libdebugio_v7m_t_le_eabi.a(libdebugio.o)
 .text.libdebugio.debug_gets
                0x00000000       0x1c /Applications/CrossWorks for ARM 2.2/lib/libdebugio_v7m_t_le_eabi.a(libdebugio.o)
 .text.libdebugio.debug_fflush
                0x00000000       0x10 /Applications/CrossWorks for ARM 2.2/lib/libdebugio_v7m_t_le_eabi.a(libdebugio.o)
 .text.libdebugio.debug_fclose
                0x00000000       0x10 /Applications/CrossWorks for ARM 2.2/lib/libdebugio_v7m_t_le_eabi.a(libdebugio.o)
 .text.libdebugio.debug_fgetc
                0x00000000       0x18 /Applications/CrossWorks for ARM 2.2/lib/libdebugio_v7m_t_le_eabi.a(libdebugio.o)
 .text.libdebugio.debug_getchar
                0x00000000       0x1c /Applications/CrossWorks for ARM 2.2/lib/libdebugio_v7m_t_le_eabi.a(libdebugio.o)
 .text.libdebugio.debug_putchar
                0x00000000       0x1c /Applications/CrossWorks for ARM 2.2/lib/libdebugio_v7m_t_le_eabi.a(libdebugio.o)
 .text.libdebugio.debug_puts
                0x00000000       0x10 /Applications/CrossWorks for ARM 2.2/lib/libdebugio_v7m_t_le_eabi.a(libdebugio.o)
 .text.libdebugio.debug_rewind
                0x00000000       0x10 /Applications/CrossWorks for ARM 2.2/lib/libdebugio_v7m_t_le_eabi.a(libdebugio.o)
 .text.libdebugio.debug_clearerr
                0x00000000       0x10 /Applications/CrossWorks for ARM 2.2/lib/libdebugio_v7m_t_le_eabi.a(libdebugio.o)
 .text.libdebugio.debug_feof
                0x00000000       0x10 /Applications/CrossWorks for ARM 2.2/lib/libdebugio_v7m_t_le_eabi.a(libdebugio.o)
 .text.libdebugio.debug_ferror
                0x00000000       0x10 /Applications/CrossWorks for ARM 2.2/lib/libdebugio_v7m_t_le_eabi.a(libdebugio.o)
 .text.libdebugio.debug_getch
                0x00000000       0x1c /Applications/CrossWorks for ARM 2.2/lib/libdebugio_v7m_t_le_eabi.a(libdebugio.o)
 .text.libdebugio.debug_time
                0x00000000       0x28 /Applications/CrossWorks for ARM 2.2/lib/libdebugio_v7m_t_le_eabi.a(libdebugio.o)
 .text.libdebugio.debug_vprintf
                0x00000000       0x14 /Applications/CrossWorks for ARM 2.2/lib/libdebugio_v7m_t_le_eabi.a(libdebugio.o)
 .text.libdebugio.debug_vfprintf
                0x00000000       0x18 /Applications/CrossWorks for ARM 2.2/lib/libdebugio_v7m_t_le_eabi.a(libdebugio.o)
 .text.libdebugio.debug_ungetc
                0x00000000       0x14 /Applications/CrossWorks for ARM 2.2/lib/libdebugio_v7m_t_le_eabi.a(libdebugio.o)
 .text.libdebugio.debug_fgetpos
                0x00000000       0x14 /Applications/CrossWorks for ARM 2.2/lib/libdebugio_v7m_t_le_eabi.a(libdebugio.o)
 .text.libdebugio.debug_fsetpos
                0x00000000       0x14 /Applications/CrossWorks for ARM 2.2/lib/libdebugio_v7m_t_le_eabi.a(libdebugio.o)
 .text.libdebugio.debug_freopen
                0x00000000       0x20 /Applications/CrossWorks for ARM 2.2/lib/libdebugio_v7m_t_le_eabi.a(libdebugio.o)
 .text.libdebugio.debug_perror
                0x00000000       0x10 /Applications/CrossWorks for ARM 2.2/lib/libdebugio_v7m_t_le_eabi.a(libdebugio.o)
 .text.libdebugio.debug_remove
                0x00000000       0x10 /Applications/CrossWorks for ARM 2.2/lib/libdebugio_v7m_t_le_eabi.a(libdebugio.o)
 .text.libdebugio.debug_rename
                0x00000000       0x14 /Applications/CrossWorks for ARM 2.2/lib/libdebugio_v7m_t_le_eabi.a(libdebugio.o)
 .text.libdebugio.debug_tmpfile
                0x00000000       0x14 /Applications/CrossWorks for ARM 2.2/lib/libdebugio_v7m_t_le_eabi.a(libdebugio.o)
 .text.libdebugio.debug_tmpnam
                0x00000000       0x28 /Applications/CrossWorks for ARM 2.2/lib/libdebugio_v7m_t_le_eabi.a(libdebugio.o)
 .text.libdebugio.debug_getenv
                0x00000000       0x2c /Applications/CrossWorks for ARM 2.2/lib/libdebugio_v7m_t_le_eabi.a(libdebugio.o)
 .text.libdebugio.debug_system
                0x00000000       0x10 /Applications/CrossWorks for ARM 2.2/lib/libdebugio_v7m_t_le_eabi.a(libdebugio.o)
 .text.libdebugio.debug_vfscanf
                0x00000000       0x18 /Applications/CrossWorks for ARM 2.2/lib/libdebugio_v7m_t_le_eabi.a(libdebugio.o)
 .text.libdebugio.debug_vscanf
                0x00000000       0x1c /Applications/CrossWorks for ARM 2.2/lib/libdebugio_v7m_t_le_eabi.a(libdebugio.o)
 .text.libdebugio.debug_exit
                0x00000000       0x10 /Applications/CrossWorks for ARM 2.2/lib/libdebugio_v7m_t_le_eabi.a(libdebugio.o)
 .text.libdebugio.debug_enabled
                0x00000000        0xc /Applications/CrossWorks for ARM 2.2/lib/libdebugio_v7m_t_le_eabi.a(libdebugio.o)
 .text.libdebugio.debug_kbhit
                0x00000000       0x10 /Applications/CrossWorks for ARM 2.2/lib/libdebugio_v7m_t_le_eabi.a(libdebugio.o)
 .text.libdebugio.debug_ioctl
                0x00000000       0x14 /Applications/CrossWorks for ARM 2.2/lib/libdebugio_v7m_t_le_eabi.a(libdebugio.o)
 .text.libdebugio.debug_runtime_error
                0x00000000       0x10 /Applications/CrossWorks for ARM 2.2/lib/libdebugio_v7m_t_le_eabi.a(libdebugio.o)
 .text.libdebugio.debug_break
                0x00000000       0x10 /Applications/CrossWorks for ARM 2.2/lib/libdebugio_v7m_t_le_eabi.a(libdebugio.o)
 .text.libdebugio.debug_getargs
                0x00000000       0x10 /Applications/CrossWorks for ARM 2.2/lib/libdebugio_v7m_t_le_eabi.a(libdebugio.o)
 .text.libdebugio.debug_geti
                0x00000000       0x18 /Applications/CrossWorks for ARM 2.2/lib/libdebugio_v7m_t_le_eabi.a(libdebugio.o)
 .text.libdebugio.debug_getu
                0x00000000       0x18 /Applications/CrossWorks for ARM 2.2/lib/libdebugio_v7m_t_le_eabi.a(libdebugio.o)
 .text.libdebugio.debug_getl
                0x00000000       0x18 /Applications/CrossWorks for ARM 2.2/lib/libdebugio_v7m_t_le_eabi.a(libdebugio.o)
 .text.libdebugio.debug_getul
                0x00000000       0x18 /Applications/CrossWorks for ARM 2.2/lib/libdebugio_v7m_t_le_eabi.a(libdebugio.o)
 .text.libdebugio.debug_getf
                0x00000000       0x18 /Applications/CrossWorks for ARM 2.2/lib/libdebugio_v7m_t_le_eabi.a(libdebugio.o)
 .text.libdebugio.debug_getd
                0x00000000       0x18 /Applications/CrossWorks for ARM 2.2/lib/libdebugio_v7m_t_le_eabi.a(libdebugio.o)
 .text.libdebugio.debug_getll
                0x00000000       0x18 /Applications/CrossWorks for ARM 2.2/lib/libdebugio_v7m_t_le_eabi.a(libdebugio.o)
 .text.libdebugio.debug_getull
                0x00000000       0x18 /Applications/CrossWorks for ARM 2.2/lib/libdebugio_v7m_t_le_eabi.a(libdebugio.o)
 .text.libdebugio.debug_filesize
                0x00000000       0x10 /Applications/CrossWorks for ARM 2.2/lib/libdebugio_v7m_t_le_eabi.a(libdebugio.o)
 .text.libdebugio.debug_accept
                0x00000000       0x30 /Applications/CrossWorks for ARM 2.2/lib/libdebugio_v7m_t_le_eabi.a(libdebugio.o)
 .text.libdebugio.debug_bind
                0x00000000       0x2c /Applications/CrossWorks for ARM 2.2/lib/libdebugio_v7m_t_le_eabi.a(libdebugio.o)
 .text.libdebugio.debug_listen
                0x00000000       0x14 /Applications/CrossWorks for ARM 2.2/lib/libdebugio_v7m_t_le_eabi.a(libdebugio.o)
 .text.libdebugio.debug_shutdown
                0x00000000       0x14 /Applications/CrossWorks for ARM 2.2/lib/libdebugio_v7m_t_le_eabi.a(libdebugio.o)
 .text.libdebugio.debug_socket
                0x00000000       0x18 /Applications/CrossWorks for ARM 2.2/lib/libdebugio_v7m_t_le_eabi.a(libdebugio.o)
 .text.libdebugio.debug_htons
                0x00000000        0xc /Applications/CrossWorks for ARM 2.2/lib/libdebugio_v7m_t_le_eabi.a(libdebugio.o)
 .text.libdebugio.debug_htonl
                0x00000000       0x1c /Applications/CrossWorks for ARM 2.2/lib/libdebugio_v7m_t_le_eabi.a(libdebugio.o)
 .text.libdebugio.debug_loadsymbols
                0x00000000       0x18 /Applications/CrossWorks for ARM 2.2/lib/libdebugio_v7m_t_le_eabi.a(libdebugio.o)
 .text.libdebugio.debug_unloadsymbols
                0x00000000       0x10 /Applications/CrossWorks for ARM 2.2/lib/libdebugio_v7m_t_le_eabi.a(libdebugio.o)
 .bss.libdebugio.getenv_buffer
                0x00000000      0x400 /Applications/CrossWorks for ARM 2.2/lib/libdebugio_v7m_t_le_eabi.a(libdebugio.o)
 .bss.libdebugio.__dbgEnabled
                0x00000000        0x4 /Applications/CrossWorks for ARM 2.2/lib/libdebugio_v7m_t_le_eabi.a(libdebugio.o)
 .bss.libdebugio.tmpnam_buffer
                0x00000000      0x100 /Applications/CrossWorks for ARM 2.2/lib/libdebugio_v7m_t_le_eabi.a(libdebugio.o)
 .text.libdebugio
                0x00000000        0x0 /Applications/CrossWorks for ARM 2.2/lib/libdebugio_v7m_t_le_eabi.a(libdebugio_asm.o)
 .data.libdebugio
                0x00000000        0x0 /Applications/CrossWorks for ARM 2.2/lib/libdebugio_v7m_t_le_eabi.a(libdebugio_asm.o)
 .bss.libdebugio
                0x00000000        0x0 /Applications/CrossWorks for ARM 2.2/lib/libdebugio_v7m_t_le_eabi.a(libdebugio_asm.o)
 .text.libdebugio_bkpt.__do_debug_operation_bkpt
                0x00000000       0x1c /Applications/CrossWorks for ARM 2.2/lib/libdebugio_v7m_t_le_eabi.a(libdebugio_asm.o)
 .text.libc.debug_fprintf
                0x00000000       0x14 /Applications/CrossWorks for ARM 2.2/lib/libdebugio_v7m_t_le_eabi.a(libdebugio_asm.o)
 .text.libc.debug_scanf
                0x00000000       0x24 /Applications/CrossWorks for ARM 2.2/lib/libdebugio_v7m_t_le_eabi.a(libdebugio_asm.o)
 .text.libc.debug_fscanf
                0x00000000       0x24 /Applications/CrossWorks for ARM 2.2/lib/libdebugio_v7m_t_le_eabi.a(libdebugio_asm.o)
 .text          0x00000000        0x0 /Applications/CrossWorks for ARM 2.2/lib/libc_user_libc_v7m_t_le_eabi.a(user_libc.o)
 .data          0x00000000        0x0 /Applications/CrossWorks for ARM 2.2/lib/libc_user_libc_v7m_t_le_eabi.a(user_libc.o)
 .bss           0x00000000        0x0 /Applications/CrossWorks for ARM 2.2/lib/libc_user_libc_v7m_t_le_eabi.a(user_libc.o)
 .text.libc     0x00000000        0x0 /Applications/CrossWorks for ARM 2.2/lib/libc_user_libc_v7m_t_le_eabi.a(user_libc.o)
 .text.libc.__errno
                0x00000000        0xc /Applications/CrossWorks for ARM 2.2/lib/libc_user_libc_v7m_t_le_eabi.a(user_libc.o)
 .text.libc.__heap_lock
                0x00000000        0x4 /Applications/CrossWorks for ARM 2.2/lib/libc_user_libc_v7m_t_le_eabi.a(user_libc.o)
 .text.libc.__heap_unlock
                0x00000000        0x4 /Applications/CrossWorks for ARM 2.2/lib/libc_user_libc_v7m_t_le_eabi.a(user_libc.o)
 .text.libc.__printf_lock
                0x00000000        0x4 /Applications/CrossWorks for ARM 2.2/lib/libc_user_libc_v7m_t_le_eabi.a(user_libc.o)
 .text.libc.__printf_unlock
                0x00000000        0x4 /Applications/CrossWorks for ARM 2.2/lib/libc_user_libc_v7m_t_le_eabi.a(user_libc.o)
 .text.libc.__scanf_lock
                0x00000000        0x4 /Applications/CrossWorks for ARM 2.2/lib/libc_user_libc_v7m_t_le_eabi.a(user_libc.o)
 .text.libc.__scanf_unlock
                0x00000000        0x4 /Applications/CrossWorks for ARM 2.2/lib/libc_user_libc_v7m_t_le_eabi.a(user_libc.o)
 .bss.libc.errno
                0x00000000        0x4 /Applications/CrossWorks for ARM 2.2/lib/libc_user_libc_v7m_t_le_eabi.a(user_libc.o)
 .text.libc     0x00000000        0x0 /Applications/CrossWorks for ARM 2.2/lib/libm_v7m_t_le_eabi.a(libm_asm.o)
 .data.libc     0x00000000        0x0 /Applications/CrossWorks for ARM 2.2/lib/libm_v7m_t_le_eabi.a(libm_asm.o)
 .bss.libc      0x00000000        0x0 /Applications/CrossWorks for ARM 2.2/lib/libm_v7m_t_le_eabi.a(libm_asm.o)
 .text.libc.__int32_to_float32
                0x00000000       0x30 /Applications/CrossWorks for ARM 2.2/lib/libm_v7m_t_le_eabi.a(libm_asm.o)
 .text.libc.__int32_to_float64
                0x00000000       0x30 /Applications/CrossWorks for ARM 2.2/lib/libm_v7m_t_le_eabi.a(libm_asm.o)
 .text.libc.__uint32_to_float32
                0x00000000       0x10 /Applications/CrossWorks for ARM 2.2/lib/libm_v7m_t_le_eabi.a(libm_asm.o)
 .text.libc.__uint32_to_float64
                0x00000000       0x24 /Applications/CrossWorks for ARM 2.2/lib/libm_v7m_t_le_eabi.a(libm_asm.o)
 .text.libc.__int64_to_float32
                0x00000000       0x94 /Applications/CrossWorks for ARM 2.2/lib/libm_v7m_t_le_eabi.a(libm_asm.o)
 .text.libc.__int64_to_float64
                0x00000000       0xa0 /Applications/CrossWorks for ARM 2.2/lib/libm_v7m_t_le_eabi.a(libm_asm.o)
 .text.libc.__uint64_to_float32
                0x00000000       0x10 /Applications/CrossWorks for ARM 2.2/lib/libm_v7m_t_le_eabi.a(libm_asm.o)
 .text.libc.__uint64_to_float64
                0x00000000       0x14 /Applications/CrossWorks for ARM 2.2/lib/libm_v7m_t_le_eabi.a(libm_asm.o)
 .text.libc.__float32_to_int32
                0x00000000       0x40 /Applications/CrossWorks for ARM 2.2/lib/libm_v7m_t_le_eabi.a(libm_asm.o)
 .text.libc.__float32_to_int64
                0x00000000       0x7c /Applications/CrossWorks for ARM 2.2/lib/libm_v7m_t_le_eabi.a(libm_asm.o)
 .text.libc.__float32_to_uint32
                0x00000000       0x24 /Applications/CrossWorks for ARM 2.2/lib/libm_v7m_t_le_eabi.a(libm_asm.o)
 .text.libc.__float32_to_uint64
                0x00000000       0x48 /Applications/CrossWorks for ARM 2.2/lib/libm_v7m_t_le_eabi.a(libm_asm.o)
 .text.libc.__float64_to_int32
                0x00000000       0x50 /Applications/CrossWorks for ARM 2.2/lib/libm_v7m_t_le_eabi.a(libm_asm.o)
 .text.libc.__float64_to_int64
                0x00000000       0x80 /Applications/CrossWorks for ARM 2.2/lib/libm_v7m_t_le_eabi.a(libm_asm.o)
 .text.libc.__float64_to_uint32
                0x00000000       0x2c /Applications/CrossWorks for ARM 2.2/lib/libm_v7m_t_le_eabi.a(libm_asm.o)
 .text.libc.__float64_to_uint64
                0x00000000       0x48 /Applications/CrossWorks for ARM 2.2/lib/libm_v7m_t_le_eabi.a(libm_asm.o)
 .text.libc.__float32_to_float64
                0x00000000       0x38 /Applications/CrossWorks for ARM 2.2/lib/libm_v7m_t_le_eabi.a(libm_asm.o)
 .text.libc.__float64_to_float32
                0x00000000       0x70 /Applications/CrossWorks for ARM 2.2/lib/libm_v7m_t_le_eabi.a(libm_asm.o)
 .text.libc.__float32_add
                0x00000000      0x138 /Applications/CrossWorks for ARM 2.2/lib/libm_v7m_t_le_eabi.a(libm_asm.o)
 .text.libc.__float32_mul
                0x00000000       0xd4 /Applications/CrossWorks for ARM 2.2/lib/libm_v7m_t_le_eabi.a(libm_asm.o)
 .text.libc.__float32_div
                0x00000000      0x1e0 /Applications/CrossWorks for ARM 2.2/lib/libm_v7m_t_le_eabi.a(libm_asm.o)
 .text.libc.__float32_cmp
                0x00000000       0x44 /Applications/CrossWorks for ARM 2.2/lib/libm_v7m_t_le_eabi.a(libm_asm.o)
 .text.libc.__aeabi_fcmpeq
                0x00000000       0x14 /Applications/CrossWorks for ARM 2.2/lib/libm_v7m_t_le_eabi.a(libm_asm.o)
 .text.libc.__aeabi_fcmplt
                0x00000000       0x18 /Applications/CrossWorks for ARM 2.2/lib/libm_v7m_t_le_eabi.a(libm_asm.o)
 .text.libc.__aeabi_fcmple
                0x00000000       0x14 /Applications/CrossWorks for ARM 2.2/lib/libm_v7m_t_le_eabi.a(libm_asm.o)
 .text.libc.__aeabi_fcmpge
                0x00000000       0x18 /Applications/CrossWorks for ARM 2.2/lib/libm_v7m_t_le_eabi.a(libm_asm.o)
 .text.libc.__aeabi_fcmpgt
                0x00000000       0x10 /Applications/CrossWorks for ARM 2.2/lib/libm_v7m_t_le_eabi.a(libm_asm.o)
 .text.libc.__float64_add
                0x00000000      0x294 /Applications/CrossWorks for ARM 2.2/lib/libm_v7m_t_le_eabi.a(libm_asm.o)
 .text.libc.__float64_mul
                0x00000000      0x16c /Applications/CrossWorks for ARM 2.2/lib/libm_v7m_t_le_eabi.a(libm_asm.o)
 .text.libc.__float64_div
                0x00000000      0x214 /Applications/CrossWorks for ARM 2.2/lib/libm_v7m_t_le_eabi.a(libm_asm.o)
 .text.libc.__float64_cmp
                0x00000000       0x64 /Applications/CrossWorks for ARM 2.2/lib/libm_v7m_t_le_eabi.a(libm_asm.o)
 .text.libc.__aeabi_dcmpeq
                0x00000000       0x14 /Applications/CrossWorks for ARM 2.2/lib/libm_v7m_t_le_eabi.a(libm_asm.o)
 .text.libc.__aeabi_dcmplt
                0x00000000       0x18 /Applications/CrossWorks for ARM 2.2/lib/libm_v7m_t_le_eabi.a(libm_asm.o)
 .text.libc.__aeabi_dcmple
                0x00000000       0x14 /Applications/CrossWorks for ARM 2.2/lib/libm_v7m_t_le_eabi.a(libm_asm.o)
 .text.libc.__aeabi_dcmpge
                0x00000000       0x18 /Applications/CrossWorks for ARM 2.2/lib/libm_v7m_t_le_eabi.a(libm_asm.o)
 .text.libc.__aeabi_dcmpgt
                0x00000000       0x10 /Applications/CrossWorks for ARM 2.2/lib/libm_v7m_t_le_eabi.a(libm_asm.o)
 .text.libc.__float32_signbit
                0x00000000        0x8 /Applications/CrossWorks for ARM 2.2/lib/libm_v7m_t_le_eabi.a(libm_asm.o)
 .text.libc.__float64_signbit
                0x00000000        0x8 /Applications/CrossWorks for ARM 2.2/lib/libm_v7m_t_le_eabi.a(libm_asm.o)
 .text.libc.__float32_isinf
                0x00000000       0x10 /Applications/CrossWorks for ARM 2.2/lib/libm_v7m_t_le_eabi.a(libm_asm.o)
 .text.libc.__float64_isinf
                0x00000000       0x10 /Applications/CrossWorks for ARM 2.2/lib/libm_v7m_t_le_eabi.a(libm_asm.o)
 .text.libc.__float32_isnan
                0x00000000       0x10 /Applications/CrossWorks for ARM 2.2/lib/libm_v7m_t_le_eabi.a(libm_asm.o)
 .text.libc.__float64_isnan
                0x00000000       0x10 /Applications/CrossWorks for ARM 2.2/lib/libm_v7m_t_le_eabi.a(libm_asm.o)
 .text.libc.__float32_isfinite
                0x00000000        0xc /Applications/CrossWorks for ARM 2.2/lib/libm_v7m_t_le_eabi.a(libm_asm.o)
 .text.libc.__float64_isfinite
                0x00000000       0x10 /Applications/CrossWorks for ARM 2.2/lib/libm_v7m_t_le_eabi.a(libm_asm.o)
 .text.libc.__float32_isnormal
                0x00000000       0x18 /Applications/CrossWorks for ARM 2.2/lib/libm_v7m_t_le_eabi.a(libm_asm.o)
 .text.libc.__float64_isnormal
                0x00000000       0x18 /Applications/CrossWorks for ARM 2.2/lib/libm_v7m_t_le_eabi.a(libm_asm.o)
 .text.libc.__float32_classify
                0x00000000       0x24 /Applications/CrossWorks for ARM 2.2/lib/libm_v7m_t_le_eabi.a(libm_asm.o)
 .text.libc.__float64_classify
                0x00000000       0x28 /Applications/CrossWorks for ARM 2.2/lib/libm_v7m_t_le_eabi.a(libm_asm.o)
 .rodata.libc.__float32_infinity
                0x00000000        0x4 /Applications/CrossWorks for ARM 2.2/lib/libm_v7m_t_le_eabi.a(libm_asm.o)
 .rodata.libc.__float32_nan
                0x00000000        0x4 /Applications/CrossWorks for ARM 2.2/lib/libm_v7m_t_le_eabi.a(libm_asm.o)
 .rodata.libc.__float64_infinity
                0x00000000        0x8 /Applications/CrossWorks for ARM 2.2/lib/libm_v7m_t_le_eabi.a(libm_asm.o)
 .rodata.libc.__float64_nan
                0x00000000        0x8 /Applications/CrossWorks for ARM 2.2/lib/libm_v7m_t_le_eabi.a(libm_asm.o)

Memory Configuration

Name             Origin             Length             Attributes
UNPLACED_SECTIONS 0xffffffff         0x00000000         xw
FLASH            0x08000000         0x00040000         xr
RAM              0x20000000         0x0000c000         xw
USB_CAN_RAM      0x40006000         0x00000200         xw
CM3_System_Control_Space 0xe000e000         0x00001000         xw
*default*        0x00000000         0xffffffff

Linker script and memory map

                0x080015b8                __do_debug_operation = __do_debug_operation_mempoll
                0x0800092c                __vfprintf = __vfprintf_int
                0x08001070                __vfscanf = __vfscanf_int
                0x08000000                __FLASH_segment_start__ = 0x8000000
                0x08040000                __FLASH_segment_end__ = 0x8040000
                0x20000000                __RAM_segment_start__ = 0x20000000
                0x2000c000                __RAM_segment_end__ = 0x2000c000
                0x40006000                __USB_CAN_RAM_segment_start__ = 0x40006000
                0x40006200                __USB_CAN_RAM_segment_end__ = 0x40006200
                0xe000e000                __CM3_System_Control_Space_segment_start__ = 0xe000e000
                0xe000f000                __CM3_System_Control_Space_segment_end__ = 0xe000f000
                0x00000080                __STACKSIZE__ = 0x80
                0x00000000                __STACKSIZE_PROCESS__ = 0x0
                0x00000000                __STACKSIZE_IRQ__ = 0x0
                0x00000000                __STACKSIZE_FIQ__ = 0x0
                0x00000000                __STACKSIZE_SVC__ = 0x0
                0x00000000                __STACKSIZE_ABT__ = 0x0
                0x00000000                __STACKSIZE_UND__ = 0x0
                0x00000080                __HEAPSIZE__ = 0x80
                0x20000000                __vectors_ram_load_start__ = ALIGN (__RAM_segment_start__, 0x100)

.vectors_ram    0x20000000        0x0
                0x20000000                __vectors_ram_start__ = .
 *(.vectors_ram .vectors_ram.*)
                0x20000000                __vectors_ram_end__ = (__vectors_ram_start__ + SIZEOF (.vectors_ram))
                0x20000000                __vectors_ram_load_end__ = __vectors_ram_end__
                0x00000001                . = ASSERT (((__vectors_ram_end__ >= __RAM_segment_start__) && (__vectors_ram_end__ <= __RAM_segment_end__)), error: .vectors_ram is too large to fit in RAM memory segment)
                0x08000000                __vectors_load_start__ = ALIGN (__FLASH_segment_start__, 0x100)

.vectors        0x08000000      0x130
                0x08000000                __vectors_start__ = .
 *(.vectors .vectors.*)
 .vectors       0x08000000      0x130 THUMB Debug/STM32_Startup.o
                0x08000000                _vectors
                0x08000130                __vectors_end__ = (__vectors_start__ + SIZEOF (.vectors))
                0x08000130                __vectors_load_end__ = __vectors_end__
                0x00000001                . = ASSERT (((__vectors_end__ >= __FLASH_segment_start__) && (__vectors_end__ <= __FLASH_segment_end__)), error: .vectors is too large to fit in FLASH memory segment)
                0x08000130                __init_load_start__ = ALIGN (__vectors_end__, 0x4)

.init           0x08000130      0x1bc
                0x08000130                __init_start__ = .
 *(.init .init.*)
 .init          0x08000130      0x110 THUMB Debug/thumb_crt0.o
                0x08000130                _start
                0x080001b2                exit
                0x080001d6                __putchar
                0x080001d6                __getchar
 .init          0x08000240       0xac THUMB Debug/STM32_Startup.o
                0x08000240                reset_handler
                0x08000252                SystemInit
                0x08000254                NMI_Handler
                0x08000256                HardFault_Handler
                0x08000258                MemManage_Handler
                0x0800025a                BusFault_Handler
                0x0800025c                UsageFault_Handler
                0x0800025e                SVC_Handler
                0x08000260                DebugMon_Handler
                0x08000262                PendSV_Handler
                0x08000264                SysTick_Handler
                0x08000266                WWDG_IRQHandler
                0x08000268                PVD_IRQHandler
                0x0800026a                TAMPER_IRQHandler
                0x0800026c                RTC_IRQHandler
                0x0800026e                FLASH_IRQHandler
                0x08000270                RCC_IRQHandler
                0x08000272                EXTI0_IRQHandler
                0x08000274                EXTI1_IRQHandler
                0x08000276                EXTI2_IRQHandler
                0x08000278                EXTI3_IRQHandler
                0x0800027a                EXTI4_IRQHandler
                0x0800027c                DMA1_Channel1_IRQHandler
                0x0800027e                DMA1_Channel2_IRQHandler
                0x08000280                DMA1_Channel3_IRQHandler
                0x08000282                DMA1_Channel4_IRQHandler
                0x08000284                DMA1_Channel5_IRQHandler
                0x08000286                DMA1_Channel6_IRQHandler
                0x08000288                DMA1_Channel7_IRQHandler
                0x0800028a                ADC1_2_IRQHandler
                0x0800028c                USB_HP_CAN1_TX_IRQHandler
                0x0800028e                USB_LP_CAN1_RX0_IRQHandler
                0x08000290                CAN1_RX1_IRQHandler
                0x08000292                CAN1_SCE_IRQHandler
                0x08000294                EXTI9_5_IRQHandler
                0x08000296                TIM1_BRK_IRQHandler
                0x08000298                TIM1_UP_IRQHandler
                0x0800029a                TIM1_TRG_COM_IRQHandler
                0x0800029c                TIM1_CC_IRQHandler
                0x080002a0                TIM3_IRQHandler
                0x080002a2                TIM4_IRQHandler
                0x080002a4                I2C1_EV_IRQHandler
                0x080002a6                I2C1_ER_IRQHandler
                0x080002a8                I2C2_EV_IRQHandler
                0x080002aa                I2C2_ER_IRQHandler
                0x080002ac                SPI1_IRQHandler
                0x080002ae                SPI2_IRQHandler
                0x080002b0                USART1_IRQHandler
                0x080002b2                USART2_IRQHandler
                0x080002b4                USART3_IRQHandler
                0x080002b6                EXTI15_10_IRQHandler
                0x080002b8                RTCAlarm_IRQHandler
                0x080002ba                USBWakeUp_IRQHandler
                0x080002bc                TIM8_BRK_IRQHandler
                0x080002be                TIM8_UP_IRQHandler
                0x080002c0                TIM8_TRG_COM_IRQHandler
                0x080002c2                TIM8_CC_IRQHandler
                0x080002c4                ADC3_IRQHandler
                0x080002c6                FSMC_IRQHandler
                0x080002c8                SDIO_IRQHandler
                0x080002ca                TIM5_IRQHandler
                0x080002cc                SPI3_IRQHandler
                0x080002ce                UART4_IRQHandler
                0x080002d0                UART5_IRQHandler
                0x080002d2                TIM6_IRQHandler
                0x080002d4                TIM7_IRQHandler
                0x080002d6                DMA2_Channel1_IRQHandler
                0x080002d8                DMA2_Channel2_IRQHandler
                0x080002da                DMA2_Channel3_IRQHandler
                0x080002dc                DMA2_Channel4_5_IRQHandler
                0x080002de                reset_wait
                0x080002ec                __init_end__ = (__init_start__ + SIZEOF (.init))
                0x080002ec                __init_load_end__ = __init_end__
                0x00000001                . = ASSERT (((__init_end__ >= __FLASH_segment_start__) && (__init_end__ <= __FLASH_segment_end__)), error: .init is too large to fit in FLASH memory segment)
                0x080002ec                __text_load_start__ = ALIGN (__init_end__, 0x4)

.text           0x080002ec     0x1324
                0x080002ec                __text_start__ = .
 *(.text .text.* .glue_7t .glue_7 .gnu.linkonce.t.* .gcc_except_table .ARM.extab* .gnu.linkonce.armextab.*)
 .glue_7        0x00000000        0x0 linker stubs
 .glue_7t       0x00000000        0x0 linker stubs
 .text.TIM2_IRQHandler
                0x080002ec       0x40 THUMB Debug/main.o
                0x080002ec                TIM2_IRQHandler
 .text.main     0x0800032c       0xdc THUMB Debug/main.o
                0x0800032c                main
 .text.sd_cmd   0x08000408      0x22c THUMB Debug/sd.o
                0x08000408                sd_cmd
 .text.wait_for_timeout
                0x08000634      0x138 THUMB Debug/sd.o
                0x08000634                wait_for_timeout
 .text.sd_init  0x0800076c      0x1c0 THUMB Debug/sd.o
                0x0800076c                sd_init
 .text.libc.__vfprintf_int
                0x0800092c      0x5d4 /Applications/CrossWorks for ARM 2.2/lib/libc_v7m_t_le_eabi.a(__vfprintf_int.o)
                0x0800092c                __vfprintf_int
 .text.libc.__ungetc
                0x08000f00       0x20 /Applications/CrossWorks for ARM 2.2/lib/libc_v7m_t_le_eabi.a(__vfscanf_int.o)
 .text.libc.rd_int
                0x08000f20      0x150 /Applications/CrossWorks for ARM 2.2/lib/libc_v7m_t_le_eabi.a(__vfscanf_int.o)
 .text.libc.__vfscanf_int
                0x08001070      0x3c8 /Applications/CrossWorks for ARM 2.2/lib/libc_v7m_t_le_eabi.a(__vfscanf_int.o)
                0x08001070                __vfscanf_int
 .text.libc.__getc
                0x08001438       0x24 /Applications/CrossWorks for ARM 2.2/lib/libc_v7m_t_le_eabi.a(libc2.o)
                0x08001438                __getc
 .text.libc.__putc
                0x0800145c       0x38 /Applications/CrossWorks for ARM 2.2/lib/libc_v7m_t_le_eabi.a(libc2.o)
                0x0800145c                __putc
 .text.libc.__print_padding
                0x08001494       0x24 /Applications/CrossWorks for ARM 2.2/lib/libc_v7m_t_le_eabi.a(libc2.o)
                0x08001494                __print_padding
 .text.libc.__pre_padding
                0x080014b8       0x1c /Applications/CrossWorks for ARM 2.2/lib/libc_v7m_t_le_eabi.a(libc2.o)
                0x080014b8                __pre_padding
 .text.libc.isupper
                0x080014d4       0x10 /Applications/CrossWorks for ARM 2.2/lib/libc_v7m_t_le_eabi.a(libc2.o)
                0x080014d4                isupper
 .text.libc.islower
                0x080014e4       0x10 /Applications/CrossWorks for ARM 2.2/lib/libc_v7m_t_le_eabi.a(libc2.o)
                0x080014e4                islower
 .text.libc.isdigit
                0x080014f4       0x10 /Applications/CrossWorks for ARM 2.2/lib/libc_v7m_t_le_eabi.a(libc2.o)
                0x080014f4                isdigit
 .text.libc.__digit
                0x08001504       0x3c /Applications/CrossWorks for ARM 2.2/lib/libc_v7m_t_le_eabi.a(libc2.o)
                0x08001504                __digit
 .text.libc.isspace
                0x08001540       0x18 /Applications/CrossWorks for ARM 2.2/lib/libc_v7m_t_le_eabi.a(libc2.o)
                0x08001540                isspace
 .text.libc.strlen
                0x08001558       0x60 /Applications/CrossWorks for ARM 2.2/lib/libc_v7m_t_le_eabi.a(libc2_asm.o)
                0x08001558                strlen
 .text.libdebugio.__do_debug_operation_mempoll
                0x080015b8       0x3c /Applications/CrossWorks for ARM 2.2/lib/libdebugio_v7m_t_le_eabi.a(libdebugio.o)
                0x080015b8                __do_debug_operation_mempoll
 .text.libc.debug_printf
                0x080015f4       0x14 /Applications/CrossWorks for ARM 2.2/lib/libdebugio_v7m_t_le_eabi.a(libdebugio_asm.o)
                0x080015f4                debug_printf
 .text.libc.__debug_io_lock
                0x08001608        0x4 /Applications/CrossWorks for ARM 2.2/lib/libc_user_libc_v7m_t_le_eabi.a(user_libc.o)
                0x08001608                __debug_io_lock
 .text.libc.__debug_io_unlock
                0x0800160c        0x4 /Applications/CrossWorks for ARM 2.2/lib/libc_user_libc_v7m_t_le_eabi.a(user_libc.o)
                0x0800160c                __debug_io_unlock
                0x08001610                __text_end__ = (__text_start__ + SIZEOF (.text))
                0x08001610                __text_load_end__ = __text_end__

.vfp11_veneer   0x00000000        0x0
 .vfp11_veneer  0x00000000        0x0 linker stubs

.v4_bx          0x00000000        0x0
 .v4_bx         0x00000000        0x0 linker stubs
                0x00000001                . = ASSERT (((__text_end__ >= __FLASH_segment_start__) && (__text_end__ <= __FLASH_segment_end__)), error: .text is too large to fit in FLASH memory segment)
                0x08001610                __dtors_load_start__ = ALIGN (__text_end__, 0x4)

.dtors          0x08001610        0x0
                0x08001610                __dtors_start__ = .
 *(SORT(.dtors.*))
 *(.dtors)
 *(.fini_array .fini_array.*)
                0x08001610                __dtors_end__ = (__dtors_start__ + SIZEOF (.dtors))
                0x08001610                __dtors_load_end__ = __dtors_end__
                0x00000001                . = ASSERT (((__dtors_end__ >= __FLASH_segment_start__) && (__dtors_end__ <= __FLASH_segment_end__)), error: .dtors is too large to fit in FLASH memory segment)
                0x08001610                __ctors_load_start__ = ALIGN (__dtors_end__, 0x4)

.ctors          0x08001610        0x0
                0x08001610                __ctors_start__ = .
 *(SORT(.ctors.*))
 *(.ctors)
 *(.init_array .init_array.*)
                0x08001610                __ctors_end__ = (__ctors_start__ + SIZEOF (.ctors))
                0x08001610                __ctors_load_end__ = __ctors_end__
                0x00000001                . = ASSERT (((__ctors_end__ >= __FLASH_segment_start__) && (__ctors_end__ <= __FLASH_segment_end__)), error: .ctors is too large to fit in FLASH memory segment)
                0x08001610                __rodata_load_start__ = ALIGN (__ctors_end__, 0x4)

.rodata         0x08001610       0xd8
                0x08001610                __rodata_start__ = .
 *(.rodata .rodata.* .gnu.linkonce.r.*)
 .rodata.command_data
                0x08001610        0xc THUMB Debug/sd.o
 .rodata.app_command_data
                0x0800161c        0x4 THUMB Debug/sd.o
 .rodata        0x08001620       0xa8 THUMB Debug/sd.o
 .rodata.libc.__hex_lc
                0x080016c8       0x10 /Applications/CrossWorks for ARM 2.2/lib/libc_v7m_t_le_eabi.a(libc2.o)
                0x080016c8                __hex_lc
 .rodata.libc.__hex_uc
                0x080016d8       0x10 /Applications/CrossWorks for ARM 2.2/lib/libc_v7m_t_le_eabi.a(libc2.o)
                0x080016d8                __hex_uc
                0x080016e8                __rodata_end__ = (__rodata_start__ + SIZEOF (.rodata))
                0x080016e8                __rodata_load_end__ = __rodata_end__
                0x00000001                . = ASSERT (((__rodata_end__ >= __FLASH_segment_start__) && (__rodata_end__ <= __FLASH_segment_end__)), error: .rodata is too large to fit in FLASH memory segment)
                0x080016e8                __ARM.exidx_load_start__ = ALIGN (__rodata_end__, 0x4)

.ARM.exidx      0x080016e8        0x0
                0x080016e8                __ARM.exidx_start__ = .
                0x080016e8                __exidx_start = __ARM.exidx_start__
 *(.ARM.exidx .ARM.exidx.*)
                0x080016e8                __ARM.exidx_end__ = (__ARM.exidx_start__ + SIZEOF (.ARM.exidx))
                0x080016e8                __exidx_end = __ARM.exidx_end__
                0x080016e8                __ARM.exidx_load_end__ = __ARM.exidx_end__
                0x00000001                . = ASSERT (((__ARM.exidx_end__ >= __FLASH_segment_start__) && (__ARM.exidx_end__ <= __FLASH_segment_end__)), error: .ARM.exidx is too large to fit in FLASH memory segment)
                0x080016e8                __fast_load_start__ = ALIGN (__ARM.exidx_end__, 0x4)

.fast           0x20000000        0x0 load address 0x080016e8
                0x20000000                __fast_start__ = .
 *(.fast .fast.*)
                0x20000000                __fast_end__ = (__fast_start__ + SIZEOF (.fast))
                0x080016e8                __fast_load_end__ = (__fast_load_start__ + SIZEOF (.fast))
                0x00000001                . = ASSERT (((__fast_load_end__ >= __FLASH_segment_start__) && (__fast_load_end__ <= __FLASH_segment_end__)), error: .fast is too large to fit in FLASH memory segment)

.fast_run       0x20000000        0x0
                0x20000000                __fast_run_start__ = .
                0x20000000                . = MAX ((__fast_run_start__ + SIZEOF (.fast)), .)
                0x20000000                __fast_run_end__ = (__fast_run_start__ + SIZEOF (.fast_run))
                0x20000000                __fast_run_load_end__ = __fast_run_end__
                0x00000001                . = ASSERT (((__fast_run_end__ >= __RAM_segment_start__) && (__fast_run_end__ <= __RAM_segment_end__)), error: .fast_run is too large to fit in RAM memory segment)
                0x080016e8                __data_load_start__ = ALIGN ((__fast_load_start__ + SIZEOF (.fast)), 0x4)

.data           0x20000000        0x0 load address 0x080016e8
                0x20000000                __data_start__ = .
 *(.data .data.* .gnu.linkonce.d.*)
                0x20000000                __data_end__ = (__data_start__ + SIZEOF (.data))
                0x080016e8                __data_load_end__ = (__data_load_start__ + SIZEOF (.data))
                0x00000001                . = ASSERT (((__data_load_end__ >= __FLASH_segment_start__) && (__data_load_end__ <= __FLASH_segment_end__)), error: .data is too large to fit in FLASH memory segment)

.data_run       0x20000000        0x0
                0x20000000                __data_run_start__ = .
                0x20000000                . = MAX ((__data_run_start__ + SIZEOF (.data)), .)
                0x20000000                __data_run_end__ = (__data_run_start__ + SIZEOF (.data_run))
                0x20000000                __data_run_load_end__ = __data_run_end__
                0x00000001                . = ASSERT (((__data_run_end__ >= __RAM_segment_start__) && (__data_run_end__ <= __RAM_segment_end__)), error: .data_run is too large to fit in RAM memory segment)
                0x20000000                __bss_load_start__ = ALIGN (__data_run_end__, 0x4)

.bss            0x20000000       0x10
                0x20000000                __bss_start__ = .
 *(.bss .bss.* .gnu.linkonce.b.*)
 .bss.app_command
                0x20000000        0x1 THUMB Debug/sd.o
                0x20000000                app_command
 *fill*         0x20000001        0x3 00
 .bss.libc.__format_extender
                0x20000004        0x4 /Applications/CrossWorks for ARM 2.2/lib/libc_v7m_t_le_eabi.a(libc2.o)
                0x20000004                __format_extender
 .bss.libdebugio.dbgCommWord
                0x20000008        0x4 /Applications/CrossWorks for ARM 2.2/lib/libdebugio_v7m_t_le_eabi.a(libdebugio.o)
                0x20000008                dbgCommWord
 .bss.libdebugio.dbgCntrlWord_mempoll
                0x2000000c        0x4 /Applications/CrossWorks for ARM 2.2/lib/libdebugio_v7m_t_le_eabi.a(libdebugio.o)
                0x2000000c                dbgCntrlWord_mempoll
 *(COMMON)
                0x20000010                __bss_end__ = (__bss_start__ + SIZEOF (.bss))
                0x20000010                __bss_load_end__ = __bss_end__
                0x00000001                . = ASSERT (((__bss_end__ >= __RAM_segment_start__) && (__bss_end__ <= __RAM_segment_end__)), error: .bss is too large to fit in RAM memory segment)
                0x20000010                __non_init_load_start__ = ALIGN (__bss_end__, 0x4)

.non_init       0x20000010        0x0
                0x20000010                __non_init_start__ = .
 *(.non_init .non_init.*)
                0x20000010                __non_init_end__ = (__non_init_start__ + SIZEOF (.non_init))
                0x20000010                __non_init_load_end__ = __non_init_end__
                0x00000001                . = ASSERT (((__non_init_end__ >= __RAM_segment_start__) && (__non_init_end__ <= __RAM_segment_end__)), error: .non_init is too large to fit in RAM memory segment)
                0x20000010                __heap_load_start__ = ALIGN (__non_init_end__, 0x4)

.heap           0x20000010       0x80
                0x20000010                __heap_start__ = .
 *(.heap .heap.*)
                0x20000090                . = ALIGN (MAX ((__heap_start__ + __HEAPSIZE__), .), 0x4)
 *fill*         0x20000010       0x80 00
                0x20000090                __heap_end__ = (__heap_start__ + SIZEOF (.heap))
                0x20000090                __heap_load_end__ = __heap_end__
                0x00000001                . = ASSERT (((__heap_end__ >= __RAM_segment_start__) && (__heap_end__ <= __RAM_segment_end__)), error: .heap is too large to fit in RAM memory segment)
                0x20000090                __stack_load_start__ = ALIGN (__heap_end__, 0x4)

.stack          0x20000090       0x80
                0x20000090                __stack_start__ = .
 *(.stack .stack.*)
                0x20000110                . = ALIGN (MAX ((__stack_start__ + __STACKSIZE__), .), 0x4)
 *fill*         0x20000090       0x80 00
                0x20000110                __stack_end__ = (__stack_start__ + SIZEOF (.stack))
                0x20000110                __stack_load_end__ = __stack_end__
                0x00000001                . = ASSERT (((__stack_end__ >= __RAM_segment_start__) && (__stack_end__ <= __RAM_segment_end__)), error: .stack is too large to fit in RAM memory segment)
                0x20000110                __stack_process_load_start__ = ALIGN (__stack_end__, 0x4)

.stack_process  0x20000110        0x0
                0x20000110                __stack_process_start__ = .
 *(.stack_process .stack_process.*)
                0x20000110                . = ALIGN (MAX ((__stack_process_start__ + __STACKSIZE_PROCESS__), .), 0x4)
                0x20000110                __stack_process_end__ = (__stack_process_start__ + SIZEOF (.stack_process))
                0x20000110                __stack_process_load_end__ = __stack_process_end__
                0x00000001                . = ASSERT (((__stack_process_end__ >= __RAM_segment_start__) && (__stack_process_end__ <= __RAM_segment_end__)), error: .stack_process is too large to fit in RAM memory segment)
                0x20000110                __tbss_load_start__ = ALIGN (__stack_process_end__, 0x4)

.tbss           0x20000110        0x0
                0x20000110                __tbss_start__ = .
 *(.tbss .tbss.*)
                0x20000110                __tbss_end__ = (__tbss_start__ + SIZEOF (.tbss))
                0x20000110                __tbss_load_end__ = __tbss_end__
                0x00000001                . = ASSERT (((__tbss_end__ >= __RAM_segment_start__) && (__tbss_end__ <= __RAM_segment_end__)), error: .tbss is too large to fit in RAM memory segment)
                0x080016e8                __tdata_load_start__ = ALIGN ((__data_load_start__ + SIZEOF (.data)), 0x4)

.tdata          0x20000110        0x0 load address 0x080016e8
                0x20000110                __tdata_start__ = .
 *(.tdata .tdata.*)
                0x20000110                __tdata_end__ = (__tdata_start__ + SIZEOF (.tdata))
                0x080016e8                __tdata_load_end__ = (__tdata_load_start__ + SIZEOF (.tdata))
                0x080016e8                __FLASH_segment_used_end__ = (ALIGN ((__data_load_start__ + SIZEOF (.data)), 0x4) + SIZEOF (.tdata))
                0x00000001                . = ASSERT (((__tdata_load_end__ >= __FLASH_segment_start__) && (__tdata_load_end__ <= __FLASH_segment_end__)), error: .tdata is too large to fit in FLASH memory segment)

.tdata_run      0x20000110        0x0
                0x20000110                __tdata_run_start__ = .
                0x20000110                . = MAX ((__tdata_run_start__ + SIZEOF (.tdata)), .)
                0x20000110                __tdata_run_end__ = (__tdata_run_start__ + SIZEOF (.tdata_run))
                0x20000110                __tdata_run_load_end__ = __tdata_run_end__
                0x20000110                __RAM_segment_used_end__ = (ALIGN (__tbss_end__, 0x4) + SIZEOF (.tdata_run))
                0x00000001                . = ASSERT (((__tdata_run_end__ >= __RAM_segment_start__) && (__tdata_run_end__ <= __RAM_segment_end__)), error: .tdata_run is too large to fit in RAM memory segment)
START GROUP
LOAD THUMB Debug/main.o
LOAD THUMB Debug/sd.o
LOAD THUMB Debug/thumb_crt0.o
LOAD THUMB Debug/STM32_Startup.o
LOAD /Applications/CrossWorks for ARM 2.2/lib/libm_v7m_t_le_eabi.a
LOAD /Applications/CrossWorks for ARM 2.2/lib/libc_v7m_t_le_eabi.a
LOAD /Applications/CrossWorks for ARM 2.2/lib/libcpp_v7m_t_le_eabi.a
LOAD /Applications/CrossWorks for ARM 2.2/lib/libdebugio_v7m_t_le_eabi.a
LOAD /Applications/CrossWorks for ARM 2.2/lib/libc_targetio_impl_v7m_t_le_eabi.a
LOAD /Applications/CrossWorks for ARM 2.2/lib/libc_user_libc_v7m_t_le_eabi.a
END GROUP
OUTPUT(THUMB Debug/103-test.elf elf32-littlearm)

.debug_frame    0x00000000     0x2668
 .debug_frame   0x00000000       0x54 THUMB Debug/main.o
 .debug_frame   0x00000054       0x94 THUMB Debug/sd.o
 .debug_frame   0x000000e8       0x40 /Applications/CrossWorks for ARM 2.2/lib/libc_v7m_t_le_eabi.a(__vfprintf_int.o)
 .debug_frame   0x00000128       0x88 /Applications/CrossWorks for ARM 2.2/lib/libc_v7m_t_le_eabi.a(__vfscanf_int.o)
 .debug_frame   0x000001b0     0x1288 /Applications/CrossWorks for ARM 2.2/lib/libc_v7m_t_le_eabi.a(libc2.o)
 .debug_frame   0x00001438      0x100 /Applications/CrossWorks for ARM 2.2/lib/libc_v7m_t_le_eabi.a(libc2_asm.o)
 .debug_frame   0x00001538      0x260 /Applications/CrossWorks for ARM 2.2/lib/libc_v7m_t_le_eabi.a(libc_asm.o)
 .debug_frame   0x00001798      0x790 /Applications/CrossWorks for ARM 2.2/lib/libdebugio_v7m_t_le_eabi.a(libdebugio.o)
 .debug_frame   0x00001f28       0xa0 /Applications/CrossWorks for ARM 2.2/lib/libdebugio_v7m_t_le_eabi.a(libdebugio_asm.o)
 .debug_frame   0x00001fc8       0xa0 /Applications/CrossWorks for ARM 2.2/lib/libc_user_libc_v7m_t_le_eabi.a(user_libc.o)
 .debug_frame   0x00002068      0x600 /Applications/CrossWorks for ARM 2.2/lib/libm_v7m_t_le_eabi.a(libm_asm.o)

.debug_info     0x00000000     0x247d
 .debug_info    0x00000000      0x775 THUMB Debug/main.o
 .debug_info    0x00000775      0x562 THUMB Debug/sd.o
 .debug_info    0x00000cd7       0x96 THUMB Debug/thumb_crt0.o
 .debug_info    0x00000d6d       0xc7 THUMB Debug/STM32_Startup.o
 .debug_info    0x00000e34       0x36 /Applications/CrossWorks for ARM 2.2/lib/libc_v7m_t_le_eabi.a(__vfprintf_int.o)
 .debug_info    0x00000e6a       0x65 /Applications/CrossWorks for ARM 2.2/lib/libc_v7m_t_le_eabi.a(__vfscanf_int.o)
 .debug_info    0x00000ecf      0xc64 /Applications/CrossWorks for ARM 2.2/lib/libc_v7m_t_le_eabi.a(libc2.o)
 .debug_info    0x00001b33       0xcc /Applications/CrossWorks for ARM 2.2/lib/libc_v7m_t_le_eabi.a(libc2_asm.o)
 .debug_info    0x00001bff       0xcf /Applications/CrossWorks for ARM 2.2/lib/libc_v7m_t_le_eabi.a(libc_asm.o)
 .debug_info    0x00001cce      0x51f /Applications/CrossWorks for ARM 2.2/lib/libdebugio_v7m_t_le_eabi.a(libdebugio.o)
 .debug_info    0x000021ed       0xe4 /Applications/CrossWorks for ARM 2.2/lib/libdebugio_v7m_t_le_eabi.a(libdebugio_asm.o)
 .debug_info    0x000022d1       0xcd /Applications/CrossWorks for ARM 2.2/lib/libc_user_libc_v7m_t_le_eabi.a(user_libc.o)
 .debug_info    0x0000239e       0xdf /Applications/CrossWorks for ARM 2.2/lib/libm_v7m_t_le_eabi.a(libm_asm.o)

.debug_abbrev   0x00000000      0x460
 .debug_abbrev  0x00000000      0x113 THUMB Debug/main.o
 .debug_abbrev  0x00000113      0x178 THUMB Debug/sd.o
 .debug_abbrev  0x0000028b       0x14 THUMB Debug/thumb_crt0.o
 .debug_abbrev  0x0000029f       0x14 THUMB Debug/STM32_Startup.o
 .debug_abbrev  0x000002b3       0x25 /Applications/CrossWorks for ARM 2.2/lib/libc_v7m_t_le_eabi.a(__vfprintf_int.o)
 .debug_abbrev  0x000002d8       0x43 /Applications/CrossWorks for ARM 2.2/lib/libc_v7m_t_le_eabi.a(__vfscanf_int.o)
 .debug_abbrev  0x0000031b       0xa0 /Applications/CrossWorks for ARM 2.2/lib/libc_v7m_t_le_eabi.a(libc2.o)
 .debug_abbrev  0x000003bb       0x12 /Applications/CrossWorks for ARM 2.2/lib/libc_v7m_t_le_eabi.a(libc2_asm.o)
 .debug_abbrev  0x000003cd       0x12 /Applications/CrossWorks for ARM 2.2/lib/libc_v7m_t_le_eabi.a(libc_asm.o)
 .debug_abbrev  0x000003df       0x38 /Applications/CrossWorks for ARM 2.2/lib/libdebugio_v7m_t_le_eabi.a(libdebugio.o)
 .debug_abbrev  0x00000417       0x12 /Applications/CrossWorks for ARM 2.2/lib/libdebugio_v7m_t_le_eabi.a(libdebugio_asm.o)
 .debug_abbrev  0x00000429       0x25 /Applications/CrossWorks for ARM 2.2/lib/libc_user_libc_v7m_t_le_eabi.a(user_libc.o)
 .debug_abbrev  0x0000044e       0x12 /Applications/CrossWorks for ARM 2.2/lib/libm_v7m_t_le_eabi.a(libm_asm.o)

.debug_loc      0x00000000     0x19fc
 .debug_loc     0x00000000       0x58 THUMB Debug/main.o
 .debug_loc     0x00000058       0xa8 THUMB Debug/sd.o
 .debug_loc     0x00000100       0x2d /Applications/CrossWorks for ARM 2.2/lib/libc_v7m_t_le_eabi.a(__vfprintf_int.o)
 .debug_loc     0x0000012d       0x6d /Applications/CrossWorks for ARM 2.2/lib/libc_v7m_t_le_eabi.a(__vfscanf_int.o)
 .debug_loc     0x0000019a     0x106e /Applications/CrossWorks for ARM 2.2/lib/libc_v7m_t_le_eabi.a(libc2.o)
 .debug_loc     0x00001208      0x7f4 /Applications/CrossWorks for ARM 2.2/lib/libdebugio_v7m_t_le_eabi.a(libdebugio.o)

.debug_aranges  0x00000000      0xb58
 .debug_aranges
                0x00000000       0x28 THUMB Debug/main.o
 .debug_aranges
                0x00000028       0x30 THUMB Debug/sd.o
 .debug_aranges
                0x00000058       0x20 THUMB Debug/thumb_crt0.o
 .debug_aranges
                0x00000078       0x20 THUMB Debug/STM32_Startup.o
 .debug_aranges
                0x00000098       0x20 /Applications/CrossWorks for ARM 2.2/lib/libc_v7m_t_le_eabi.a(__vfprintf_int.o)
 .debug_aranges
                0x000000b8       0x30 /Applications/CrossWorks for ARM 2.2/lib/libc_v7m_t_le_eabi.a(__vfscanf_int.o)
 .debug_aranges
                0x000000e8      0x508 /Applications/CrossWorks for ARM 2.2/lib/libc_v7m_t_le_eabi.a(libc2.o)
 .debug_aranges
                0x000005f0       0x60 /Applications/CrossWorks for ARM 2.2/lib/libc_v7m_t_le_eabi.a(libc2_asm.o)
 .debug_aranges
                0x00000650       0xb8 /Applications/CrossWorks for ARM 2.2/lib/libc_v7m_t_le_eabi.a(libc_asm.o)
 .debug_aranges
                0x00000708      0x218 /Applications/CrossWorks for ARM 2.2/lib/libdebugio_v7m_t_le_eabi.a(libdebugio.o)
 .debug_aranges
                0x00000920       0x40 /Applications/CrossWorks for ARM 2.2/lib/libdebugio_v7m_t_le_eabi.a(libdebugio_asm.o)
 .debug_aranges
                0x00000960       0x60 /Applications/CrossWorks for ARM 2.2/lib/libc_user_libc_v7m_t_le_eabi.a(user_libc.o)
 .debug_aranges
                0x000009c0      0x198 /Applications/CrossWorks for ARM 2.2/lib/libm_v7m_t_le_eabi.a(libm_asm.o)

.debug_ranges   0x00000000      0xa88
 .debug_ranges  0x00000000       0x18 THUMB Debug/main.o
 .debug_ranges  0x00000018       0x20 THUMB Debug/sd.o
 .debug_ranges  0x00000038       0x10 /Applications/CrossWorks for ARM 2.2/lib/libc_v7m_t_le_eabi.a(__vfprintf_int.o)
 .debug_ranges  0x00000048       0x20 /Applications/CrossWorks for ARM 2.2/lib/libc_v7m_t_le_eabi.a(__vfscanf_int.o)
 .debug_ranges  0x00000068      0x4f8 /Applications/CrossWorks for ARM 2.2/lib/libc_v7m_t_le_eabi.a(libc2.o)
 .debug_ranges  0x00000560       0x58 /Applications/CrossWorks for ARM 2.2/lib/libc_v7m_t_le_eabi.a(libc2_asm.o)
 .debug_ranges  0x000005b8       0xb0 /Applications/CrossWorks for ARM 2.2/lib/libc_v7m_t_le_eabi.a(libc_asm.o)
 .debug_ranges  0x00000668      0x208 /Applications/CrossWorks for ARM 2.2/lib/libdebugio_v7m_t_le_eabi.a(libdebugio.o)
 .debug_ranges  0x00000870       0x38 /Applications/CrossWorks for ARM 2.2/lib/libdebugio_v7m_t_le_eabi.a(libdebugio_asm.o)
 .debug_ranges  0x000008a8       0x50 /Applications/CrossWorks for ARM 2.2/lib/libc_user_libc_v7m_t_le_eabi.a(user_libc.o)
 .debug_ranges  0x000008f8      0x190 /Applications/CrossWorks for ARM 2.2/lib/libm_v7m_t_le_eabi.a(libm_asm.o)

.debug_line     0x00000000     0x2851
 .debug_line    0x00000000      0x14c THUMB Debug/main.o
 .debug_line    0x0000014c      0x21e THUMB Debug/sd.o
 .debug_line    0x0000036a       0xc1 THUMB Debug/thumb_crt0.o
 .debug_line    0x0000042b       0xee THUMB Debug/STM32_Startup.o
 .debug_line    0x00000519       0x79 /Applications/CrossWorks for ARM 2.2/lib/libc_v7m_t_le_eabi.a(__vfprintf_int.o)
 .debug_line    0x00000592       0x78 /Applications/CrossWorks for ARM 2.2/lib/libc_v7m_t_le_eabi.a(__vfscanf_int.o)
 .debug_line    0x0000060a      0x5b7 /Applications/CrossWorks for ARM 2.2/lib/libc_v7m_t_le_eabi.a(libc2.o)
 .debug_line    0x00000bc1      0x224 /Applications/CrossWorks for ARM 2.2/lib/libc_v7m_t_le_eabi.a(libc2_asm.o)
 .debug_line    0x00000de5      0x653 /Applications/CrossWorks for ARM 2.2/lib/libc_v7m_t_le_eabi.a(libc_asm.o)
 .debug_line    0x00001438      0x558 /Applications/CrossWorks for ARM 2.2/lib/libdebugio_v7m_t_le_eabi.a(libdebugio.o)
 .debug_line    0x00001990      0x15b /Applications/CrossWorks for ARM 2.2/lib/libdebugio_v7m_t_le_eabi.a(libdebugio_asm.o)
 .debug_line    0x00001aeb       0x78 /Applications/CrossWorks for ARM 2.2/lib/libc_user_libc_v7m_t_le_eabi.a(user_libc.o)
 .debug_line    0x00001b63      0xcee /Applications/CrossWorks for ARM 2.2/lib/libm_v7m_t_le_eabi.a(libm_asm.o)

.debug_str      0x00000000     0x12c4
 .debug_str     0x00000000      0x68d THUMB Debug/main.o
                                0x6ce (size before relaxing)
 .debug_str     0x0000068d      0x143 THUMB Debug/sd.o
                                0x2fb (size before relaxing)
 .debug_str     0x000007d0       0x68 /Applications/CrossWorks for ARM 2.2/lib/libc_v7m_t_le_eabi.a(__vfprintf_int.o)
                                 0xb1 (size before relaxing)
 .debug_str     0x00000838       0x80 /Applications/CrossWorks for ARM 2.2/lib/libc_v7m_t_le_eabi.a(__vfscanf_int.o)
                                 0xc9 (size before relaxing)
 .debug_str     0x000008b8      0x57f /Applications/CrossWorks for ARM 2.2/lib/libc_v7m_t_le_eabi.a(libc2.o)
                                0x655 (size before relaxing)
 .debug_str     0x00000e37      0x3b7 /Applications/CrossWorks for ARM 2.2/lib/libdebugio_v7m_t_le_eabi.a(libdebugio.o)
                                0x400 (size before relaxing)
 .debug_str     0x000011ee       0xd6 /Applications/CrossWorks for ARM 2.2/lib/libc_user_libc_v7m_t_le_eabi.a(user_libc.o)
                                0x11f (size before relaxing)

.comment        0x00000000       0x4e
 .comment       0x00000000       0x4e THUMB Debug/main.o
                                 0x4f (size before relaxing)
 .comment       0x00000000       0x4f THUMB Debug/sd.o
 .comment       0x00000000       0x4f /Applications/CrossWorks for ARM 2.2/lib/libc_v7m_t_le_eabi.a(__vfprintf_int.o)
 .comment       0x00000000       0x4f /Applications/CrossWorks for ARM 2.2/lib/libc_v7m_t_le_eabi.a(__vfscanf_int.o)
 .comment       0x00000000       0x4f /Applications/CrossWorks for ARM 2.2/lib/libc_v7m_t_le_eabi.a(libc2.o)
 .comment       0x00000000       0x4f /Applications/CrossWorks for ARM 2.2/lib/libdebugio_v7m_t_le_eabi.a(libdebugio.o)
 .comment       0x00000000       0x4f /Applications/CrossWorks for ARM 2.2/lib/libc_user_libc_v7m_t_le_eabi.a(user_libc.o)

.ARM.attributes
                0x00000000       0x33
 .ARM.attributes
                0x00000000       0x33 THUMB Debug/main.o
 .ARM.attributes
                0x00000033       0x33 THUMB Debug/sd.o
 .ARM.attributes
                0x00000066       0x23 THUMB Debug/thumb_crt0.o
 .ARM.attributes
                0x00000089       0x23 THUMB Debug/STM32_Startup.o
 .ARM.attributes
                0x000000ac       0x2d /Applications/CrossWorks for ARM 2.2/lib/libc_v7m_t_le_eabi.a(__vfprintf_int.o)
 .ARM.attributes
                0x000000d9       0x2d /Applications/CrossWorks for ARM 2.2/lib/libc_v7m_t_le_eabi.a(__vfscanf_int.o)
 .ARM.attributes
                0x00000106       0x2d /Applications/CrossWorks for ARM 2.2/lib/libc_v7m_t_le_eabi.a(libc2.o)
 .ARM.attributes
                0x00000133       0x1d /Applications/CrossWorks for ARM 2.2/lib/libc_v7m_t_le_eabi.a(libc2_asm.o)
 .ARM.attributes
                0x00000150       0x1d /Applications/CrossWorks for ARM 2.2/lib/libc_v7m_t_le_eabi.a(libc_asm.o)
 .ARM.attributes
                0x0000016d       0x2d /Applications/CrossWorks for ARM 2.2/lib/libdebugio_v7m_t_le_eabi.a(libdebugio.o)
 .ARM.attributes
                0x0000019a       0x1d /Applications/CrossWorks for ARM 2.2/lib/libdebugio_v7m_t_le_eabi.a(libdebugio_asm.o)
 .ARM.attributes
                0x000001b7       0x2d /Applications/CrossWorks for ARM 2.2/lib/libc_user_libc_v7m_t_le_eabi.a(user_libc.o)
 .ARM.attributes
                0x000001e4       0x1d /Applications/CrossWorks for ARM 2.2/lib/libm_v7m_t_le_eabi.a(libm_asm.o)
